May 05 18:39:23 mjs-hp kernel: microcode: microcode updated early to revision 0xea, date = 2021-01-25
May 05 18:39:23 mjs-hp kernel: Linux version 5.15.0-27-generic (buildd@ubuntu) (gcc (Ubuntu 11.2.0-19ubuntu1) 11.2.0, GNU ld (GNU Binutils for Ubuntu) 2.38) #28-Ubuntu SMP Thu Apr 14 04:55:28 UTC 2022 (Ubuntu 5.15.0-27.28-generic 5.15.30)
May 05 18:39:23 mjs-hp kernel: Command line: BOOT_IMAGE=/boot/vmlinuz-5.15.0-27-generic root=UUID=c862ccb1-237e-4b33-b4c0-6ef7238d0c33 ro quiet splash vt.handoff=7
May 05 18:39:23 mjs-hp kernel: KERNEL supported cpus:
May 05 18:39:23 mjs-hp kernel:   Intel GenuineIntel
May 05 18:39:23 mjs-hp kernel:   AMD AuthenticAMD
May 05 18:39:23 mjs-hp kernel:   Hygon HygonGenuine
May 05 18:39:23 mjs-hp kernel:   Centaur CentaurHauls
May 05 18:39:23 mjs-hp kernel:   zhaoxin   Shanghai  
May 05 18:39:23 mjs-hp kernel: x86/fpu: Supporting XSAVE feature 0x001: 'x87 floating point registers'
May 05 18:39:23 mjs-hp kernel: x86/fpu: Supporting XSAVE feature 0x002: 'SSE registers'
May 05 18:39:23 mjs-hp kernel: x86/fpu: Supporting XSAVE feature 0x004: 'AVX registers'
May 05 18:39:23 mjs-hp kernel: x86/fpu: Supporting XSAVE feature 0x008: 'MPX bounds registers'
May 05 18:39:23 mjs-hp kernel: x86/fpu: Supporting XSAVE feature 0x010: 'MPX CSR'
May 05 18:39:23 mjs-hp kernel: x86/fpu: xstate_offset[2]:  576, xstate_sizes[2]:  256
May 05 18:39:23 mjs-hp kernel: x86/fpu: xstate_offset[3]:  832, xstate_sizes[3]:   64
May 05 18:39:23 mjs-hp kernel: x86/fpu: xstate_offset[4]:  896, xstate_sizes[4]:   64
May 05 18:39:23 mjs-hp kernel: x86/fpu: Enabled xstate features 0x1f, context size is 960 bytes, using 'compacted' format.
May 05 18:39:23 mjs-hp kernel: signal: max sigframe size: 2032
May 05 18:39:23 mjs-hp kernel: BIOS-provided physical RAM map:
May 05 18:39:23 mjs-hp kernel: BIOS-e820: [mem 0x0000000000000000-0x0000000000057fff] usable
May 05 18:39:23 mjs-hp kernel: BIOS-e820: [mem 0x0000000000058000-0x0000000000058fff] reserved
May 05 18:39:23 mjs-hp kernel: BIOS-e820: [mem 0x0000000000059000-0x0000000000085fff] usable
May 05 18:39:23 mjs-hp kernel: BIOS-e820: [mem 0x0000000000086000-0x00000000000fffff] reserved
May 05 18:39:23 mjs-hp kernel: BIOS-e820: [mem 0x0000000000100000-0x000000006df3efff] usable
May 05 18:39:23 mjs-hp kernel: BIOS-e820: [mem 0x000000006df3f000-0x000000006df3ffff] ACPI NVS
May 05 18:39:23 mjs-hp kernel: BIOS-e820: [mem 0x000000006df40000-0x000000006df69fff] reserved
May 05 18:39:23 mjs-hp kernel: BIOS-e820: [mem 0x000000006df6a000-0x000000007f20dfff] usable
May 05 18:39:23 mjs-hp kernel: BIOS-e820: [mem 0x000000007f20e000-0x000000007fbfdfff] reserved
May 05 18:39:23 mjs-hp kernel: BIOS-e820: [mem 0x000000007fbfe000-0x000000007fefdfff] ACPI NVS
May 05 18:39:23 mjs-hp kernel: BIOS-e820: [mem 0x000000007fefe000-0x000000007fffdfff] ACPI data
May 05 18:39:23 mjs-hp kernel: BIOS-e820: [mem 0x000000007fffe000-0x000000007fffefff] usable
May 05 18:39:23 mjs-hp kernel: BIOS-e820: [mem 0x000000007ffff000-0x000000008affffff] reserved
May 05 18:39:23 mjs-hp kernel: BIOS-e820: [mem 0x00000000e0000000-0x00000000efffffff] reserved
May 05 18:39:23 mjs-hp kernel: BIOS-e820: [mem 0x00000000fd000000-0x00000000fe7fffff] reserved
May 05 18:39:23 mjs-hp kernel: BIOS-e820: [mem 0x00000000feb00000-0x00000000feb03fff] reserved
May 05 18:39:23 mjs-hp kernel: BIOS-e820: [mem 0x00000000fec00000-0x00000000fec00fff] reserved
May 05 18:39:23 mjs-hp kernel: BIOS-e820: [mem 0x00000000fed00000-0x00000000fed00fff] reserved
May 05 18:39:23 mjs-hp kernel: BIOS-e820: [mem 0x00000000fed10000-0x00000000fed19fff] reserved
May 05 18:39:23 mjs-hp kernel: BIOS-e820: [mem 0x00000000fed84000-0x00000000fed84fff] reserved
May 05 18:39:23 mjs-hp kernel: BIOS-e820: [mem 0x00000000fee00000-0x00000000fee00fff] reserved
May 05 18:39:23 mjs-hp kernel: BIOS-e820: [mem 0x00000000ffa00000-0x00000000ffffffff] reserved
May 05 18:39:23 mjs-hp kernel: BIOS-e820: [mem 0x0000000100000000-0x0000000273ffffff] usable
May 05 18:39:23 mjs-hp kernel: NX (Execute Disable) protection: active
May 05 18:39:23 mjs-hp kernel: e820: update [mem 0x6ca71018-0x6ca81057] usable ==> usable
May 05 18:39:23 mjs-hp kernel: e820: update [mem 0x6ca71018-0x6ca81057] usable ==> usable
May 05 18:39:23 mjs-hp kernel: extended physical RAM map:
May 05 18:39:23 mjs-hp kernel: reserve setup_data: [mem 0x0000000000000000-0x0000000000057fff] usable
May 05 18:39:23 mjs-hp kernel: reserve setup_data: [mem 0x0000000000058000-0x0000000000058fff] reserved
May 05 18:39:23 mjs-hp kernel: reserve setup_data: [mem 0x0000000000059000-0x0000000000085fff] usable
May 05 18:39:23 mjs-hp kernel: reserve setup_data: [mem 0x0000000000086000-0x00000000000fffff] reserved
May 05 18:39:23 mjs-hp kernel: reserve setup_data: [mem 0x0000000000100000-0x000000006ca71017] usable
May 05 18:39:23 mjs-hp kernel: reserve setup_data: [mem 0x000000006ca71018-0x000000006ca81057] usable
May 05 18:39:23 mjs-hp kernel: reserve setup_data: [mem 0x000000006ca81058-0x000000006df3efff] usable
May 05 18:39:23 mjs-hp kernel: reserve setup_data: [mem 0x000000006df3f000-0x000000006df3ffff] ACPI NVS
May 05 18:39:23 mjs-hp kernel: reserve setup_data: [mem 0x000000006df40000-0x000000006df69fff] reserved
May 05 18:39:23 mjs-hp kernel: reserve setup_data: [mem 0x000000006df6a000-0x000000007f20dfff] usable
May 05 18:39:23 mjs-hp kernel: reserve setup_data: [mem 0x000000007f20e000-0x000000007fbfdfff] reserved
May 05 18:39:23 mjs-hp kernel: reserve setup_data: [mem 0x000000007fbfe000-0x000000007fefdfff] ACPI NVS
May 05 18:39:23 mjs-hp kernel: reserve setup_data: [mem 0x000000007fefe000-0x000000007fffdfff] ACPI data
May 05 18:39:23 mjs-hp kernel: reserve setup_data: [mem 0x000000007fffe000-0x000000007fffefff] usable
May 05 18:39:23 mjs-hp kernel: reserve setup_data: [mem 0x000000007ffff000-0x000000008affffff] reserved
May 05 18:39:23 mjs-hp kernel: reserve setup_data: [mem 0x00000000e0000000-0x00000000efffffff] reserved
May 05 18:39:23 mjs-hp kernel: reserve setup_data: [mem 0x00000000fd000000-0x00000000fe7fffff] reserved
May 05 18:39:23 mjs-hp kernel: reserve setup_data: [mem 0x00000000feb00000-0x00000000feb03fff] reserved
May 05 18:39:23 mjs-hp kernel: reserve setup_data: [mem 0x00000000fec00000-0x00000000fec00fff] reserved
May 05 18:39:23 mjs-hp kernel: reserve setup_data: [mem 0x00000000fed00000-0x00000000fed00fff] reserved
May 05 18:39:23 mjs-hp kernel: reserve setup_data: [mem 0x00000000fed10000-0x00000000fed19fff] reserved
May 05 18:39:23 mjs-hp kernel: reserve setup_data: [mem 0x00000000fed84000-0x00000000fed84fff] reserved
May 05 18:39:23 mjs-hp kernel: reserve setup_data: [mem 0x00000000fee00000-0x00000000fee00fff] reserved
May 05 18:39:23 mjs-hp kernel: reserve setup_data: [mem 0x00000000ffa00000-0x00000000ffffffff] reserved
May 05 18:39:23 mjs-hp kernel: reserve setup_data: [mem 0x0000000100000000-0x0000000273ffffff] usable
May 05 18:39:23 mjs-hp kernel: efi: EFI v2.40 by INSYDE Corp.
May 05 18:39:23 mjs-hp kernel: efi: SMBIOS=0x7f47b000 ESRT=0x7f47ca18 ACPI 2.0=0x7fffd014 MOKvar=0x706fd000 RNG=0x7f499018 TPMEventLog=0x6ca82018 
May 05 18:39:23 mjs-hp kernel: efi: seeding entropy pool
May 05 18:39:23 mjs-hp kernel: random: fast init done
May 05 18:39:23 mjs-hp kernel: TPM Final Events table not present
May 05 18:39:23 mjs-hp kernel: secureboot: Secure boot enabled
May 05 18:39:23 mjs-hp kernel: Kernel is locked down from EFI Secure Boot mode; see man kernel_lockdown.7
May 05 18:39:23 mjs-hp kernel: SMBIOS 2.8 present.
May 05 18:39:23 mjs-hp kernel: DMI: HP HP ENVY x360 m6 Convertible/80CF, BIOS F.23 08/12/2016
May 05 18:39:23 mjs-hp kernel: tsc: Detected 2400.000 MHz processor
May 05 18:39:23 mjs-hp kernel: e820: update [mem 0x00000000-0x00000fff] usable ==> reserved
May 05 18:39:23 mjs-hp kernel: e820: remove [mem 0x000a0000-0x000fffff] usable
May 05 18:39:23 mjs-hp kernel: last_pfn = 0x274000 max_arch_pfn = 0x400000000
May 05 18:39:23 mjs-hp kernel: x86/PAT: Configuration [0-7]: WB  WC  UC- UC  WB  WP  UC- WT  
May 05 18:39:23 mjs-hp kernel: last_pfn = 0x7ffff max_arch_pfn = 0x400000000
May 05 18:39:23 mjs-hp kernel: esrt: Reserving ESRT space from 0x000000007f47ca18 to 0x000000007f47ca50.
May 05 18:39:23 mjs-hp kernel: e820: update [mem 0x706fd000-0x706fdfff] usable ==> reserved
May 05 18:39:23 mjs-hp kernel: Using GB pages for direct mapping
May 05 18:39:23 mjs-hp kernel: secureboot: Secure boot enabled
May 05 18:39:23 mjs-hp kernel: RAMDISK: [mem 0x3c4e7000-0x3fffdfff]
May 05 18:39:23 mjs-hp kernel: ACPI: Early table checksum verification disabled
May 05 18:39:23 mjs-hp kernel: ACPI: RSDP 0x000000007FFFD014 000024 (v02 HPQOEM)
May 05 18:39:23 mjs-hp kernel: ACPI: XSDT 0x000000007FFD7188 000124 (v01 HPQOEM SLIC-MPC 00000000 HP   01000013)
May 05 18:39:23 mjs-hp kernel: ACPI: FACP 0x000000007FFDB000 0000F4 (v05 HPQOEM SLIC-MPC 00000000 HP   00040000)
May 05 18:39:23 mjs-hp kernel: ACPI: DSDT 0x000000007FFA9000 02BE39 (v02 HPQOEM SLIC-MPC 00000000 ACPI 00040000)
May 05 18:39:23 mjs-hp kernel: ACPI: FACS 0x000000007FEEB000 000040
May 05 18:39:23 mjs-hp kernel: ACPI: TCPA 0x000000007FFFC000 000032 (v02 HPQOEM INSYDE   00000000 HP   00040000)
May 05 18:39:23 mjs-hp kernel: ACPI: UEFI 0x000000007FFFB000 000236 (v01 HPQOEM INSYDE   00000001 HP   00040000)
May 05 18:39:23 mjs-hp kernel: ACPI: UEFI 0x000000007FFFA000 000042 (v01 HPQOEM INSYDE   00000002 HP   00040000)
May 05 18:39:23 mjs-hp kernel: ACPI: SSDT 0x000000007FFF9000 0004B7 (v02 HPQOEM INSYDE   00001000 ACPI 00040000)
May 05 18:39:23 mjs-hp kernel: ACPI: SSDT 0x000000007FFF8000 00004B (v02 HPQOEM INSYDE   00003000 ACPI 00040000)
May 05 18:39:23 mjs-hp kernel: ACPI: TPM2 0x000000007FFF7000 000034 (v03 HPQOEM INSYDE   00000000 HP   00040000)
May 05 18:39:23 mjs-hp kernel: ACPI: SSDT 0x000000007FFF2000 0044B9 (v01 HPQOEM INSYDE   00001000 ACPI 00040000)
May 05 18:39:23 mjs-hp kernel: ACPI: MSDM 0x000000007FFF1000 000055 (v03 HPQOEM SLIC-MPC 00000001 HP   00040000)
May 05 18:39:23 mjs-hp kernel: ACPI: SSDT 0x000000007FFEC000 004E93 (v02 HPQOEM INSYDE   00003000 ACPI 00040000)
May 05 18:39:23 mjs-hp kernel: ACPI: SSDT 0x000000007FFE3000 00840A (v02 HPQOEM INSYDE   00001000 ACPI 00040000)
May 05 18:39:23 mjs-hp kernel: ACPI: DBGP 0x000000007FFE2000 000034 (v01 HPQOEM SLIC-MPC 00000001 HP   00040000)
May 05 18:39:23 mjs-hp kernel: ACPI: DBG2 0x000000007FFE1000 000054 (v00 HPQOEM INSYDE   00000000 HP   00040000)
May 05 18:39:23 mjs-hp kernel: ACPI: SSDT 0x000000007FFE0000 000560 (v02 HPQOEM INSYDE   00000000 ACPI 00040000)
May 05 18:39:23 mjs-hp kernel: ACPI: ASF! 0x000000007FFDF000 0000A5 (v32 HPQOEM INSYDE   00000001 HP   00040000)
May 05 18:39:23 mjs-hp kernel: ACPI: ASPT 0x000000007FFDE000 000034 (v07 HPQOEM INSYDE   00000001 HP   00040000)
May 05 18:39:23 mjs-hp kernel: ACPI: BOOT 0x000000007FFDD000 000028 (v01 HPQOEM INSYDE   00000001 HP   00040000)
May 05 18:39:23 mjs-hp kernel: ACPI: DBGP 0x000000007FFDC000 000034 (v01 HPQOEM SLIC-MPC 00000001 HP   00040000)
May 05 18:39:23 mjs-hp kernel: ACPI: HPET 0x000000007FFDA000 000038 (v01 HPQOEM INSYDE   00000001 HP   00040000)
May 05 18:39:23 mjs-hp kernel: ACPI: LPIT 0x000000007FFD9000 000094 (v01 HPQOEM INSYDE   00000000 HP   00040000)
May 05 18:39:23 mjs-hp kernel: ACPI: APIC 0x000000007FFD8000 0000BC (v03 HPQOEM SLIC-MPC 00000001 HP   00040000)
May 05 18:39:23 mjs-hp kernel: ACPI: MCFG 0x000000007FFD6000 00003C (v01 HPQOEM INSYDE   00000001 HP   00040000)
May 05 18:39:23 mjs-hp kernel: ACPI: WDAT 0x000000007FFD5000 0001AC (v01 HPQOEM INSYDE   00000000 HP   00040000)
May 05 18:39:23 mjs-hp kernel: ACPI: SSDT 0x000000007FFA6000 002C02 (v02 HPQOEM INSYDE   00001000 ACPI 00040000)
May 05 18:39:23 mjs-hp kernel: ACPI: SSDT 0x000000007FFA5000 0002D4 (v01 HPQOEM INSYDE   00000000 ACPI 00040000)
May 05 18:39:23 mjs-hp kernel: ACPI: SSDT 0x000000007FFA4000 00019A (v02 HPQOEM INSYDE   00001000 ACPI 00040000)
May 05 18:39:23 mjs-hp kernel: ACPI: SSDT 0x000000007FFA3000 000B49 (v02 HPQOEM INSYDE   00001000 ACPI 00040000)
May 05 18:39:23 mjs-hp kernel: ACPI: SSDT 0x000000007FFA2000 0004A3 (v02 HPQOEM INSYDE   00001000 ACPI 00040000)
May 05 18:39:23 mjs-hp kernel: ACPI: SSDT 0x000000007FFA1000 000E73 (v02 HPQOEM INSYDE   00003000 ACPI 00040000)
May 05 18:39:23 mjs-hp kernel: ACPI: DMAR 0x000000007FFA0000 0000F0 (v01 HPQOEM INSYDE   00000001 HP   00040000)
May 05 18:39:23 mjs-hp kernel: ACPI: FPDT 0x000000007FF9F000 000044 (v01 HPQOEM SLIC-MPC 00000002 HP   00040000)
May 05 18:39:23 mjs-hp kernel: ACPI: BGRT 0x000000007FF9E000 000038 (v01 HPQOEM INSYDE   00000001 HP   00040000)
May 05 18:39:23 mjs-hp kernel: ACPI: Reserving FACP table memory at [mem 0x7ffdb000-0x7ffdb0f3]
May 05 18:39:23 mjs-hp kernel: ACPI: Reserving DSDT table memory at [mem 0x7ffa9000-0x7ffd4e38]
May 05 18:39:23 mjs-hp kernel: ACPI: Reserving FACS table memory at [mem 0x7feeb000-0x7feeb03f]
May 05 18:39:23 mjs-hp kernel: ACPI: Reserving TCPA table memory at [mem 0x7fffc000-0x7fffc031]
May 05 18:39:23 mjs-hp kernel: ACPI: Reserving UEFI table memory at [mem 0x7fffb000-0x7fffb235]
May 05 18:39:23 mjs-hp kernel: ACPI: Reserving UEFI table memory at [mem 0x7fffa000-0x7fffa041]
May 05 18:39:23 mjs-hp kernel: ACPI: Reserving SSDT table memory at [mem 0x7fff9000-0x7fff94b6]
May 05 18:39:23 mjs-hp kernel: ACPI: Reserving SSDT table memory at [mem 0x7fff8000-0x7fff804a]
May 05 18:39:23 mjs-hp kernel: ACPI: Reserving TPM2 table memory at [mem 0x7fff7000-0x7fff7033]
May 05 18:39:23 mjs-hp kernel: ACPI: Reserving SSDT table memory at [mem 0x7fff2000-0x7fff64b8]
May 05 18:39:23 mjs-hp kernel: ACPI: Reserving MSDM table memory at [mem 0x7fff1000-0x7fff1054]
May 05 18:39:23 mjs-hp kernel: ACPI: Reserving SSDT table memory at [mem 0x7ffec000-0x7fff0e92]
May 05 18:39:23 mjs-hp kernel: ACPI: Reserving SSDT table memory at [mem 0x7ffe3000-0x7ffeb409]
May 05 18:39:23 mjs-hp kernel: ACPI: Reserving DBGP table memory at [mem 0x7ffe2000-0x7ffe2033]
May 05 18:39:23 mjs-hp kernel: ACPI: Reserving DBG2 table memory at [mem 0x7ffe1000-0x7ffe1053]
May 05 18:39:23 mjs-hp kernel: ACPI: Reserving SSDT table memory at [mem 0x7ffe0000-0x7ffe055f]
May 05 18:39:23 mjs-hp kernel: ACPI: Reserving ASF! table memory at [mem 0x7ffdf000-0x7ffdf0a4]
May 05 18:39:23 mjs-hp kernel: ACPI: Reserving ASPT table memory at [mem 0x7ffde000-0x7ffde033]
May 05 18:39:23 mjs-hp kernel: ACPI: Reserving BOOT table memory at [mem 0x7ffdd000-0x7ffdd027]
May 05 18:39:23 mjs-hp kernel: ACPI: Reserving DBGP table memory at [mem 0x7ffdc000-0x7ffdc033]
May 05 18:39:23 mjs-hp kernel: ACPI: Reserving HPET table memory at [mem 0x7ffda000-0x7ffda037]
May 05 18:39:23 mjs-hp kernel: ACPI: Reserving LPIT table memory at [mem 0x7ffd9000-0x7ffd9093]
May 05 18:39:23 mjs-hp kernel: ACPI: Reserving APIC table memory at [mem 0x7ffd8000-0x7ffd80bb]
May 05 18:39:23 mjs-hp kernel: ACPI: Reserving MCFG table memory at [mem 0x7ffd6000-0x7ffd603b]
May 05 18:39:23 mjs-hp kernel: ACPI: Reserving WDAT table memory at [mem 0x7ffd5000-0x7ffd51ab]
May 05 18:39:23 mjs-hp kernel: ACPI: Reserving SSDT table memory at [mem 0x7ffa6000-0x7ffa8c01]
May 05 18:39:23 mjs-hp kernel: ACPI: Reserving SSDT table memory at [mem 0x7ffa5000-0x7ffa52d3]
May 05 18:39:23 mjs-hp kernel: ACPI: Reserving SSDT table memory at [mem 0x7ffa4000-0x7ffa4199]
May 05 18:39:23 mjs-hp kernel: ACPI: Reserving SSDT table memory at [mem 0x7ffa3000-0x7ffa3b48]
May 05 18:39:23 mjs-hp kernel: ACPI: Reserving SSDT table memory at [mem 0x7ffa2000-0x7ffa24a2]
May 05 18:39:23 mjs-hp kernel: ACPI: Reserving SSDT table memory at [mem 0x7ffa1000-0x7ffa1e72]
May 05 18:39:23 mjs-hp kernel: ACPI: Reserving DMAR table memory at [mem 0x7ffa0000-0x7ffa00ef]
May 05 18:39:23 mjs-hp kernel: ACPI: Reserving FPDT table memory at [mem 0x7ff9f000-0x7ff9f043]
May 05 18:39:23 mjs-hp kernel: ACPI: Reserving BGRT table memory at [mem 0x7ff9e000-0x7ff9e037]
May 05 18:39:23 mjs-hp kernel: No NUMA configuration found
May 05 18:39:23 mjs-hp kernel: Faking a node at [mem 0x0000000000000000-0x0000000273ffffff]
May 05 18:39:23 mjs-hp kernel: NODE_DATA(0) allocated [mem 0x273fd6000-0x273ffffff]
May 05 18:39:23 mjs-hp kernel: Zone ranges:
May 05 18:39:23 mjs-hp kernel:   DMA      [mem 0x0000000000001000-0x0000000000ffffff]
May 05 18:39:23 mjs-hp kernel:   DMA32    [mem 0x0000000001000000-0x00000000ffffffff]
May 05 18:39:23 mjs-hp kernel:   Normal   [mem 0x0000000100000000-0x0000000273ffffff]
May 05 18:39:23 mjs-hp kernel:   Device   empty
May 05 18:39:23 mjs-hp kernel: Movable zone start for each node
May 05 18:39:23 mjs-hp kernel: Early memory node ranges
May 05 18:39:23 mjs-hp kernel:   node   0: [mem 0x0000000000001000-0x0000000000057fff]
May 05 18:39:23 mjs-hp kernel:   node   0: [mem 0x0000000000059000-0x0000000000085fff]
May 05 18:39:23 mjs-hp kernel:   node   0: [mem 0x0000000000100000-0x000000006df3efff]
May 05 18:39:23 mjs-hp kernel:   node   0: [mem 0x000000006df6a000-0x000000007f20dfff]
May 05 18:39:23 mjs-hp kernel:   node   0: [mem 0x000000007fffe000-0x000000007fffefff]
May 05 18:39:23 mjs-hp kernel:   node   0: [mem 0x0000000100000000-0x0000000273ffffff]
May 05 18:39:23 mjs-hp kernel: Initmem setup node 0 [mem 0x0000000000001000-0x0000000273ffffff]
May 05 18:39:23 mjs-hp kernel: On node 0, zone DMA: 1 pages in unavailable ranges
May 05 18:39:23 mjs-hp kernel: On node 0, zone DMA: 1 pages in unavailable ranges
May 05 18:39:23 mjs-hp kernel: On node 0, zone DMA: 122 pages in unavailable ranges
May 05 18:39:23 mjs-hp kernel: On node 0, zone DMA32: 43 pages in unavailable ranges
May 05 18:39:23 mjs-hp kernel: On node 0, zone DMA32: 3568 pages in unavailable ranges
May 05 18:39:23 mjs-hp kernel: On node 0, zone Normal: 1 pages in unavailable ranges
May 05 18:39:23 mjs-hp kernel: On node 0, zone Normal: 16384 pages in unavailable ranges
May 05 18:39:23 mjs-hp kernel: Reserving Intel graphics memory at [mem 0x89000000-0x8affffff]
May 05 18:39:23 mjs-hp kernel: ACPI: PM-Timer IO Port: 0x1808
May 05 18:39:23 mjs-hp kernel: ACPI: LAPIC_NMI (acpi_id[0x01] high edge lint[0x1])
May 05 18:39:23 mjs-hp kernel: ACPI: LAPIC_NMI (acpi_id[0x02] high edge lint[0x1])
May 05 18:39:23 mjs-hp kernel: ACPI: LAPIC_NMI (acpi_id[0x03] high edge lint[0x1])
May 05 18:39:23 mjs-hp kernel: ACPI: LAPIC_NMI (acpi_id[0x04] high edge lint[0x1])
May 05 18:39:23 mjs-hp kernel: ACPI: LAPIC_NMI (acpi_id[0x05] high edge lint[0x1])
May 05 18:39:23 mjs-hp kernel: ACPI: LAPIC_NMI (acpi_id[0x06] high edge lint[0x1])
May 05 18:39:23 mjs-hp kernel: ACPI: LAPIC_NMI (acpi_id[0x07] high edge lint[0x1])
May 05 18:39:23 mjs-hp kernel: ACPI: LAPIC_NMI (acpi_id[0x08] high edge lint[0x1])
May 05 18:39:23 mjs-hp kernel: IOAPIC[0]: apic_id 2, version 32, address 0xfec00000, GSI 0-119
May 05 18:39:23 mjs-hp kernel: ACPI: INT_SRC_OVR (bus 0 bus_irq 0 global_irq 2 dfl dfl)
May 05 18:39:23 mjs-hp kernel: ACPI: INT_SRC_OVR (bus 0 bus_irq 9 global_irq 9 high level)
May 05 18:39:23 mjs-hp kernel: ACPI: Using ACPI (MADT) for SMP configuration information
May 05 18:39:23 mjs-hp kernel: ACPI: HPET id: 0x8086a201 base: 0xfed00000
May 05 18:39:23 mjs-hp kernel: e820: update [mem 0x707d2000-0x707f1fff] usable ==> reserved
May 05 18:39:23 mjs-hp kernel: TSC deadline timer available
May 05 18:39:23 mjs-hp kernel: smpboot: Allowing 4 CPUs, 0 hotplug CPUs
May 05 18:39:23 mjs-hp kernel: PM: hibernation: Registered nosave memory: [mem 0x00000000-0x00000fff]
May 05 18:39:23 mjs-hp kernel: PM: hibernation: Registered nosave memory: [mem 0x00058000-0x00058fff]
May 05 18:39:23 mjs-hp kernel: PM: hibernation: Registered nosave memory: [mem 0x00086000-0x000fffff]
May 05 18:39:23 mjs-hp kernel: PM: hibernation: Registered nosave memory: [mem 0x6ca71000-0x6ca71fff]
May 05 18:39:23 mjs-hp kernel: PM: hibernation: Registered nosave memory: [mem 0x6ca81000-0x6ca81fff]
May 05 18:39:23 mjs-hp kernel: PM: hibernation: Registered nosave memory: [mem 0x6df3f000-0x6df3ffff]
May 05 18:39:23 mjs-hp kernel: PM: hibernation: Registered nosave memory: [mem 0x6df40000-0x6df69fff]
May 05 18:39:23 mjs-hp kernel: PM: hibernation: Registered nosave memory: [mem 0x706fd000-0x706fdfff]
May 05 18:39:23 mjs-hp kernel: PM: hibernation: Registered nosave memory: [mem 0x707d2000-0x707f1fff]
May 05 18:39:23 mjs-hp kernel: PM: hibernation: Registered nosave memory: [mem 0x7f20e000-0x7fbfdfff]
May 05 18:39:23 mjs-hp kernel: PM: hibernation: Registered nosave memory: [mem 0x7fbfe000-0x7fefdfff]
May 05 18:39:23 mjs-hp kernel: PM: hibernation: Registered nosave memory: [mem 0x7fefe000-0x7fffdfff]
May 05 18:39:23 mjs-hp kernel: PM: hibernation: Registered nosave memory: [mem 0x7ffff000-0x8affffff]
May 05 18:39:23 mjs-hp kernel: PM: hibernation: Registered nosave memory: [mem 0x8b000000-0xdfffffff]
May 05 18:39:23 mjs-hp kernel: PM: hibernation: Registered nosave memory: [mem 0xe0000000-0xefffffff]
May 05 18:39:23 mjs-hp kernel: PM: hibernation: Registered nosave memory: [mem 0xf0000000-0xfcffffff]
May 05 18:39:23 mjs-hp kernel: PM: hibernation: Registered nosave memory: [mem 0xfd000000-0xfe7fffff]
May 05 18:39:23 mjs-hp kernel: PM: hibernation: Registered nosave memory: [mem 0xfe800000-0xfeafffff]
May 05 18:39:23 mjs-hp kernel: PM: hibernation: Registered nosave memory: [mem 0xfeb00000-0xfeb03fff]
May 05 18:39:23 mjs-hp kernel: PM: hibernation: Registered nosave memory: [mem 0xfeb04000-0xfebfffff]
May 05 18:39:23 mjs-hp kernel: PM: hibernation: Registered nosave memory: [mem 0xfec00000-0xfec00fff]
May 05 18:39:23 mjs-hp kernel: PM: hibernation: Registered nosave memory: [mem 0xfec01000-0xfecfffff]
May 05 18:39:23 mjs-hp kernel: PM: hibernation: Registered nosave memory: [mem 0xfed00000-0xfed00fff]
May 05 18:39:23 mjs-hp kernel: PM: hibernation: Registered nosave memory: [mem 0xfed01000-0xfed0ffff]
May 05 18:39:23 mjs-hp kernel: PM: hibernation: Registered nosave memory: [mem 0xfed10000-0xfed19fff]
May 05 18:39:23 mjs-hp kernel: PM: hibernation: Registered nosave memory: [mem 0xfed1a000-0xfed83fff]
May 05 18:39:23 mjs-hp kernel: PM: hibernation: Registered nosave memory: [mem 0xfed84000-0xfed84fff]
May 05 18:39:23 mjs-hp kernel: PM: hibernation: Registered nosave memory: [mem 0xfed85000-0xfedfffff]
May 05 18:39:23 mjs-hp kernel: PM: hibernation: Registered nosave memory: [mem 0xfee00000-0xfee00fff]
May 05 18:39:23 mjs-hp kernel: PM: hibernation: Registered nosave memory: [mem 0xfee01000-0xff9fffff]
May 05 18:39:23 mjs-hp kernel: PM: hibernation: Registered nosave memory: [mem 0xffa00000-0xffffffff]
May 05 18:39:23 mjs-hp kernel: [mem 0x8b000000-0xdfffffff] available for PCI devices
May 05 18:39:23 mjs-hp kernel: Booting paravirtualized kernel on bare hardware
May 05 18:39:23 mjs-hp kernel: clocksource: refined-jiffies: mask: 0xffffffff max_cycles: 0xffffffff, max_idle_ns: 7645519600211568 ns
May 05 18:39:23 mjs-hp kernel: setup_percpu: NR_CPUS:8192 nr_cpumask_bits:4 nr_cpu_ids:4 nr_node_ids:1
May 05 18:39:23 mjs-hp kernel: percpu: Embedded 61 pages/cpu s212992 r8192 d28672 u524288
May 05 18:39:23 mjs-hp kernel: pcpu-alloc: s212992 r8192 d28672 u524288 alloc=1*2097152
May 05 18:39:23 mjs-hp kernel: pcpu-alloc: [0] 0 1 2 3 
May 05 18:39:23 mjs-hp kernel: Built 1 zonelists, mobility grouping on.  Total pages: 2012188
May 05 18:39:23 mjs-hp kernel: Policy zone: Normal
May 05 18:39:23 mjs-hp kernel: Kernel command line: BOOT_IMAGE=/boot/vmlinuz-5.15.0-27-generic root=UUID=c862ccb1-237e-4b33-b4c0-6ef7238d0c33 ro quiet splash vt.handoff=7
May 05 18:39:23 mjs-hp kernel: Unknown kernel command line parameters "splash BOOT_IMAGE=/boot/vmlinuz-5.15.0-27-generic", will be passed to user space.
May 05 18:39:23 mjs-hp kernel: Dentry cache hash table entries: 1048576 (order: 11, 8388608 bytes, linear)
May 05 18:39:23 mjs-hp kernel: Inode-cache hash table entries: 524288 (order: 10, 4194304 bytes, linear)
May 05 18:39:23 mjs-hp kernel: mem auto-init: stack:off, heap alloc:on, heap free:off
May 05 18:39:23 mjs-hp kernel: Memory: 7812144K/8177056K available (16393K kernel code, 4385K rwdata, 10780K rodata, 2892K init, 4856K bss, 364652K reserved, 0K cma-reserved)
May 05 18:39:23 mjs-hp kernel: random: get_random_u64 called from kmem_cache_open+0x2b/0x320 with crng_init=1
May 05 18:39:23 mjs-hp kernel: SLUB: HWalign=64, Order=0-3, MinObjects=0, CPUs=4, Nodes=1
May 05 18:39:23 mjs-hp kernel: Kernel/User page tables isolation: enabled
May 05 18:39:23 mjs-hp kernel: ftrace: allocating 50355 entries in 197 pages
May 05 18:39:23 mjs-hp kernel: ftrace: allocated 197 pages with 4 groups
May 05 18:39:23 mjs-hp kernel: rcu: Hierarchical RCU implementation.
May 05 18:39:23 mjs-hp kernel: rcu:         RCU restricting CPUs from NR_CPUS=8192 to nr_cpu_ids=4.
May 05 18:39:23 mjs-hp kernel:         Rude variant of Tasks RCU enabled.
May 05 18:39:23 mjs-hp kernel:         Tracing variant of Tasks RCU enabled.
May 05 18:39:23 mjs-hp kernel: rcu: RCU calculated value of scheduler-enlistment delay is 25 jiffies.
May 05 18:39:23 mjs-hp kernel: rcu: Adjusting geometry for rcu_fanout_leaf=16, nr_cpu_ids=4
May 05 18:39:23 mjs-hp kernel: NR_IRQS: 524544, nr_irqs: 1024, preallocated irqs: 16
May 05 18:39:23 mjs-hp kernel: random: crng done (trusting CPU's manufacturer)
May 05 18:39:23 mjs-hp kernel: Console: colour dummy device 80x25
May 05 18:39:23 mjs-hp kernel: printk: console [tty0] enabled
May 05 18:39:23 mjs-hp kernel: ACPI: Core revision 20210730
May 05 18:39:23 mjs-hp kernel: clocksource: hpet: mask: 0xffffffff max_cycles: 0xffffffff, max_idle_ns: 79635855245 ns
May 05 18:39:23 mjs-hp kernel: APIC: Switch to symmetric I/O mode setup
May 05 18:39:23 mjs-hp kernel: DMAR: Host address width 39
May 05 18:39:23 mjs-hp kernel: DMAR: DRHD base: 0x000000fed90000 flags: 0x0
May 05 18:39:23 mjs-hp kernel: DMAR: dmar0: reg_base_addr fed90000 ver 1:0 cap 1c0000c40660462 ecap 7e3ff0505e
May 05 18:39:23 mjs-hp kernel: DMAR: DRHD base: 0x000000fed91000 flags: 0x1
May 05 18:39:23 mjs-hp kernel: DMAR: dmar1: reg_base_addr fed91000 ver 1:0 cap d2008c40660462 ecap f050da
May 05 18:39:23 mjs-hp kernel: DMAR: RMRR base: 0x0000007fb28000 end: 0x0000007fb47fff
May 05 18:39:23 mjs-hp kernel: DMAR: RMRR base: 0x00000088800000 end: 0x0000008affffff
May 05 18:39:23 mjs-hp kernel: DMAR: ANDD device: 1 name: \_SB.PCI0.I2C0
May 05 18:39:23 mjs-hp kernel: DMAR: ANDD device: 2 name: \_SB.PCI0.I2C1
May 05 18:39:23 mjs-hp kernel: DMAR-IR: IOAPIC id 2 under DRHD base  0xfed91000 IOMMU 1
May 05 18:39:23 mjs-hp kernel: DMAR-IR: HPET id 0 under DRHD base 0xfed91000
May 05 18:39:23 mjs-hp kernel: DMAR-IR: x2apic is disabled because BIOS sets x2apic opt out bit.
May 05 18:39:23 mjs-hp kernel: DMAR-IR: Use 'intremap=no_x2apic_optout' to override the BIOS setting.
May 05 18:39:23 mjs-hp kernel: DMAR-IR: Enabled IRQ remapping in xapic mode
May 05 18:39:23 mjs-hp kernel: x2apic: IRQ remapping doesn't support X2APIC mode
May 05 18:39:23 mjs-hp kernel: ..TIMER: vector=0x30 apic1=0 pin1=2 apic2=-1 pin2=-1
May 05 18:39:23 mjs-hp kernel: clocksource: tsc-early: mask: 0xffffffffffffffff max_cycles: 0x22983777dd9, max_idle_ns: 440795300422 ns
May 05 18:39:23 mjs-hp kernel: Calibrating delay loop (skipped), value calculated using timer frequency.. 4800.00 BogoMIPS (lpj=9600000)
May 05 18:39:23 mjs-hp kernel: pid_max: default: 32768 minimum: 301
May 05 18:39:23 mjs-hp kernel: LSM: Security Framework initializing
May 05 18:39:23 mjs-hp kernel: landlock: Up and running.
May 05 18:39:23 mjs-hp kernel: Yama: becoming mindful.
May 05 18:39:23 mjs-hp kernel: AppArmor: AppArmor initialized
May 05 18:39:23 mjs-hp kernel: Mount-cache hash table entries: 16384 (order: 5, 131072 bytes, linear)
May 05 18:39:23 mjs-hp kernel: Mountpoint-cache hash table entries: 16384 (order: 5, 131072 bytes, linear)
May 05 18:39:23 mjs-hp kernel: CPU0: Thermal monitoring enabled (TM1)
May 05 18:39:23 mjs-hp kernel: process: using mwait in idle threads
May 05 18:39:23 mjs-hp kernel: Last level iTLB entries: 4KB 64, 2MB 8, 4MB 8
May 05 18:39:23 mjs-hp kernel: Last level dTLB entries: 4KB 64, 2MB 0, 4MB 0, 1GB 4
May 05 18:39:23 mjs-hp kernel: Spectre V1 : Mitigation: usercopy/swapgs barriers and __user pointer sanitization
May 05 18:39:23 mjs-hp kernel: Spectre V2 : Mitigation: Retpolines
May 05 18:39:23 mjs-hp kernel: Spectre V2 : Spectre v2 / SpectreRSB mitigation: Filling RSB on context switch
May 05 18:39:23 mjs-hp kernel: Spectre V2 : Enabling Restricted Speculation for firmware calls
May 05 18:39:23 mjs-hp kernel: Spectre V2 : mitigation: Enabling conditional Indirect Branch Prediction Barrier
May 05 18:39:23 mjs-hp kernel: Spectre V2 : User space: Mitigation: STIBP via seccomp and prctl
May 05 18:39:23 mjs-hp kernel: Speculative Store Bypass: Mitigation: Speculative Store Bypass disabled via prctl and seccomp
May 05 18:39:23 mjs-hp kernel: SRBDS: Mitigation: Microcode
May 05 18:39:23 mjs-hp kernel: MDS: Mitigation: Clear CPU buffers
May 05 18:39:23 mjs-hp kernel: Freeing SMP alternatives memory: 40K
May 05 18:39:23 mjs-hp kernel: smpboot: Estimated ratio of average max frequency by base frequency (times 1024): 1152
May 05 18:39:23 mjs-hp kernel: smpboot: CPU0: Intel(R) Core(TM) i5-6200U CPU @ 2.30GHz (family: 0x6, model: 0x4e, stepping: 0x3)
May 05 18:39:23 mjs-hp kernel: Performance Events: PEBS fmt3+, Skylake events, 32-deep LBR, full-width counters, Intel PMU driver.
May 05 18:39:23 mjs-hp kernel: ... version:                4
May 05 18:39:23 mjs-hp kernel: ... bit width:              48
May 05 18:39:23 mjs-hp kernel: ... generic registers:      4
May 05 18:39:23 mjs-hp kernel: ... value mask:             0000ffffffffffff
May 05 18:39:23 mjs-hp kernel: ... max period:             00007fffffffffff
May 05 18:39:23 mjs-hp kernel: ... fixed-purpose events:   3
May 05 18:39:23 mjs-hp kernel: ... event mask:             000000070000000f
May 05 18:39:23 mjs-hp kernel: rcu: Hierarchical SRCU implementation.
May 05 18:39:23 mjs-hp kernel: NMI watchdog: Enabled. Permanently consumes one hw-PMU counter.
May 05 18:39:23 mjs-hp kernel: smp: Bringing up secondary CPUs ...
May 05 18:39:23 mjs-hp kernel: x86: Booting SMP configuration:
May 05 18:39:23 mjs-hp kernel: .... node  #0, CPUs:      #1 #2
May 05 18:39:23 mjs-hp kernel: MDS CPU bug present and SMT on, data leak possible. See https://www.kernel.org/doc/html/latest/admin-guide/hw-vuln/mds.html for more details.
May 05 18:39:23 mjs-hp kernel:  #3
May 05 18:39:23 mjs-hp kernel: smp: Brought up 1 node, 4 CPUs
May 05 18:39:23 mjs-hp kernel: smpboot: Max logical packages: 1
May 05 18:39:23 mjs-hp kernel: smpboot: Total of 4 processors activated (19200.00 BogoMIPS)
May 05 18:39:23 mjs-hp kernel: devtmpfs: initialized
May 05 18:39:23 mjs-hp kernel: x86/mm: Memory block size: 128MB
May 05 18:39:23 mjs-hp kernel: ACPI: PM: Registering ACPI NVS region [mem 0x6df3f000-0x6df3ffff] (4096 bytes)
May 05 18:39:23 mjs-hp kernel: ACPI: PM: Registering ACPI NVS region [mem 0x7fbfe000-0x7fefdfff] (3145728 bytes)
May 05 18:39:23 mjs-hp kernel: clocksource: jiffies: mask: 0xffffffff max_cycles: 0xffffffff, max_idle_ns: 7645041785100000 ns
May 05 18:39:23 mjs-hp kernel: futex hash table entries: 1024 (order: 4, 65536 bytes, linear)
May 05 18:39:23 mjs-hp kernel: pinctrl core: initialized pinctrl subsystem
May 05 18:39:23 mjs-hp kernel: PM: RTC time: 22:39:20, date: 2022-05-05
May 05 18:39:23 mjs-hp kernel: NET: Registered PF_NETLINK/PF_ROUTE protocol family
May 05 18:39:23 mjs-hp kernel: DMA: preallocated 1024 KiB GFP_KERNEL pool for atomic allocations
May 05 18:39:23 mjs-hp kernel: DMA: preallocated 1024 KiB GFP_KERNEL|GFP_DMA pool for atomic allocations
May 05 18:39:23 mjs-hp kernel: DMA: preallocated 1024 KiB GFP_KERNEL|GFP_DMA32 pool for atomic allocations
May 05 18:39:23 mjs-hp kernel: audit: initializing netlink subsys (disabled)
May 05 18:39:23 mjs-hp kernel: audit: type=2000 audit(1651790360.040:1): state=initialized audit_enabled=0 res=1
May 05 18:39:23 mjs-hp kernel: thermal_sys: Registered thermal governor 'fair_share'
May 05 18:39:23 mjs-hp kernel: thermal_sys: Registered thermal governor 'bang_bang'
May 05 18:39:23 mjs-hp kernel: thermal_sys: Registered thermal governor 'step_wise'
May 05 18:39:23 mjs-hp kernel: thermal_sys: Registered thermal governor 'user_space'
May 05 18:39:23 mjs-hp kernel: thermal_sys: Registered thermal governor 'power_allocator'
May 05 18:39:23 mjs-hp kernel: EISA bus registered
May 05 18:39:23 mjs-hp kernel: cpuidle: using governor ladder
May 05 18:39:23 mjs-hp kernel: cpuidle: using governor menu
May 05 18:39:23 mjs-hp kernel: Simple Boot Flag at 0x44 set to 0x1
May 05 18:39:23 mjs-hp kernel: ACPI: bus type PCI registered
May 05 18:39:23 mjs-hp kernel: acpiphp: ACPI Hot Plug PCI Controller Driver version: 0.5
May 05 18:39:23 mjs-hp kernel: PCI: MMCONFIG for domain 0000 [bus 00-ff] at [mem 0xe0000000-0xefffffff] (base 0xe0000000)
May 05 18:39:23 mjs-hp kernel: PCI: MMCONFIG at [mem 0xe0000000-0xefffffff] reserved in E820
May 05 18:39:23 mjs-hp kernel: PCI: Using configuration type 1 for base access
May 05 18:39:23 mjs-hp kernel: ENERGY_PERF_BIAS: Set to 'normal', was 'performance'
May 05 18:39:23 mjs-hp kernel: Kprobes globally optimized
May 05 18:39:23 mjs-hp kernel: HugeTLB registered 1.00 GiB page size, pre-allocated 0 pages
May 05 18:39:23 mjs-hp kernel: HugeTLB registered 2.00 MiB page size, pre-allocated 0 pages
May 05 18:39:23 mjs-hp kernel: ACPI: Added _OSI(Module Device)
May 05 18:39:23 mjs-hp kernel: ACPI: Added _OSI(Processor Device)
May 05 18:39:23 mjs-hp kernel: ACPI: Added _OSI(3.0 _SCP Extensions)
May 05 18:39:23 mjs-hp kernel: ACPI: Added _OSI(Processor Aggregator Device)
May 05 18:39:23 mjs-hp kernel: ACPI: Added _OSI(Linux-Dell-Video)
May 05 18:39:23 mjs-hp kernel: ACPI: Added _OSI(Linux-Lenovo-NV-HDMI-Audio)
May 05 18:39:23 mjs-hp kernel: ACPI: Added _OSI(Linux-HPI-Hybrid-Graphics)
May 05 18:39:23 mjs-hp kernel: ACPI: 13 ACPI AML tables successfully acquired and loaded
May 05 18:39:23 mjs-hp kernel: ACPI: [Firmware Bug]: BIOS _OSI(Linux) query ignored
May 05 18:39:23 mjs-hp kernel: ACPI: Dynamic OEM Table Load:
May 05 18:39:23 mjs-hp kernel: ACPI: SSDT 0xFFFF9C8A81185800 00061E (v02 PmRef  Cpu0Ist  00003000 INTL 20130117)
May 05 18:39:23 mjs-hp kernel: ACPI: \_PR_.CPU0: _OSC native thermal LVT Acked
May 05 18:39:23 mjs-hp kernel: ACPI: Dynamic OEM Table Load:
May 05 18:39:23 mjs-hp kernel: ACPI: SSDT 0xFFFF9C8A80ED2C00 00037F (v02 PmRef  Cpu0Cst  00003001 INTL 20130117)
May 05 18:39:23 mjs-hp kernel: ACPI: Dynamic OEM Table Load:
May 05 18:39:23 mjs-hp kernel: ACPI: SSDT 0xFFFF9C8A81034480 00008E (v02 PmRef  Cpu0Hwp  00003000 INTL 20130117)
May 05 18:39:23 mjs-hp kernel: ACPI: Dynamic OEM Table Load:
May 05 18:39:23 mjs-hp kernel: ACPI: SSDT 0xFFFF9C8A801FC400 000130 (v02 PmRef  HwpLvt   00003000 INTL 20130117)
May 05 18:39:23 mjs-hp kernel: ACPI: Dynamic OEM Table Load:
May 05 18:39:23 mjs-hp kernel: ACPI: SSDT 0xFFFF9C8A81183800 0005AA (v02 PmRef  ApIst    00003000 INTL 20130117)
May 05 18:39:23 mjs-hp kernel: ACPI: Dynamic OEM Table Load:
May 05 18:39:23 mjs-hp kernel: ACPI: SSDT 0xFFFF9C8A801FC800 000119 (v02 PmRef  ApHwp    00003000 INTL 20130117)
May 05 18:39:23 mjs-hp kernel: ACPI: Dynamic OEM Table Load:
May 05 18:39:23 mjs-hp kernel: ACPI: SSDT 0xFFFF9C8A801FCA00 000119 (v02 PmRef  ApCst    00003000 INTL 20130117)
May 05 18:39:23 mjs-hp kernel: ACPI: EC: EC started
May 05 18:39:23 mjs-hp kernel: ACPI: EC: interrupt blocked
May 05 18:39:23 mjs-hp kernel: ACPI: EC: EC_CMD/EC_SC=0x66, EC_DATA=0x62
May 05 18:39:23 mjs-hp kernel: ACPI: \_SB_.PCI0.LPCB.EC0_: Boot DSDT EC used to handle transactions
May 05 18:39:23 mjs-hp kernel: ACPI: Interpreter enabled
May 05 18:39:23 mjs-hp kernel: ACPI: PM: (supports S0 S3 S4 S5)
May 05 18:39:23 mjs-hp kernel: ACPI: Using IOAPIC for interrupt routing
May 05 18:39:23 mjs-hp kernel: PCI: Using host bridge windows from ACPI; if necessary, use "pci=nocrs" and report a bug
May 05 18:39:23 mjs-hp kernel: ================================================================================
May 05 18:39:23 mjs-hp kernel: fbcon: Taking over console
May 05 18:39:23 mjs-hp kernel: UBSAN: shift-out-of-bounds in /build/linux-HMZHpV/linux-5.15.0/drivers/acpi/acpi_watchdog.c:140:25
May 05 18:39:23 mjs-hp kernel: shift exponent -1 is negative
May 05 18:39:23 mjs-hp kernel: CPU: 0 PID: 1 Comm: swapper/0 Not tainted 5.15.0-27-generic #28-Ubuntu
May 05 18:39:23 mjs-hp kernel: Hardware name: HP HP ENVY x360 m6 Convertible/80CF, BIOS F.23 08/12/2016
May 05 18:39:23 mjs-hp kernel: Call Trace:
May 05 18:39:23 mjs-hp kernel:  <TASK>
May 05 18:39:23 mjs-hp kernel:  show_stack+0x52/0x58
May 05 18:39:23 mjs-hp kernel:  dump_stack_lvl+0x4a/0x5f
May 05 18:39:23 mjs-hp kernel:  dump_stack+0x10/0x12
May 05 18:39:23 mjs-hp kernel:  ubsan_epilogue+0x9/0x45
May 05 18:39:23 mjs-hp kernel:  __ubsan_handle_shift_out_of_bounds.cold+0x61/0xef
May 05 18:39:23 mjs-hp kernel:  ? __kmalloc+0x179/0x330
May 05 18:39:23 mjs-hp kernel:  acpi_watchdog_init+0xc9/0x260
May 05 18:39:23 mjs-hp kernel:  acpi_scan_init+0x52/0x282
May 05 18:39:23 mjs-hp kernel:  acpi_init+0xc2/0x12a
May 05 18:39:23 mjs-hp kernel:  ? acpi_bus_init+0x355/0x355
May 05 18:39:23 mjs-hp kernel:  do_one_initcall+0x48/0x1d0
May 05 18:39:23 mjs-hp kernel:  do_initcalls+0x12f/0x155
May 05 18:39:23 mjs-hp kernel:  kernel_init_freeable+0x162/0x1b1
May 05 18:39:23 mjs-hp kernel:  ? rest_init+0x100/0x100
May 05 18:39:23 mjs-hp kernel:  kernel_init+0x1b/0x150
May 05 18:39:23 mjs-hp kernel:  ? rest_init+0x100/0x100
May 05 18:39:23 mjs-hp kernel:  ret_from_fork+0x22/0x30
May 05 18:39:23 mjs-hp kernel:  </TASK>
May 05 18:39:23 mjs-hp kernel: ================================================================================
May 05 18:39:23 mjs-hp kernel: platform wdat_wdt: failed to claim resource 5: [mem 0x00000000-0xffffffff7fffffff]
May 05 18:39:23 mjs-hp kernel: ACPI: watchdog: Device creation failed: -16
May 05 18:39:23 mjs-hp kernel: ACPI: Enabled 7 GPEs in block 00 to 7F
May 05 18:39:23 mjs-hp kernel: acpi ABCD0000:00: ACPI dock station (docks/bays count: 1)
May 05 18:39:23 mjs-hp kernel: ACPI: PCI Root Bridge [PCI0] (domain 0000 [bus 00-fe])
May 05 18:39:23 mjs-hp kernel: acpi PNP0A08:00: _OSC: OS supports [ExtendedConfig ASPM ClockPM Segments MSI HPX-Type3]
May 05 18:39:23 mjs-hp kernel: acpi PNP0A08:00: _OSC: OS now controls [PCIeHotplug SHPCHotplug PME AER PCIeCapability LTR]
May 05 18:39:23 mjs-hp kernel: PCI host bridge to bus 0000:00
May 05 18:39:23 mjs-hp kernel: pci_bus 0000:00: root bus resource [bus 00-fe]
May 05 18:39:23 mjs-hp kernel: pci_bus 0000:00: root bus resource [io  0x0000-0x0cf7 window]
May 05 18:39:23 mjs-hp kernel: pci_bus 0000:00: root bus resource [io  0x0d00-0xffff window]
May 05 18:39:23 mjs-hp kernel: pci_bus 0000:00: root bus resource [mem 0x000a0000-0x000fffff window]
May 05 18:39:23 mjs-hp kernel: pci_bus 0000:00: root bus resource [mem 0x8b000000-0xdfffffff window]
May 05 18:39:23 mjs-hp kernel: pci_bus 0000:00: root bus resource [mem 0xfd000000-0xfe80ffff window]
May 05 18:39:23 mjs-hp kernel: pci 0000:00:00.0: [8086:1904] type 00 class 0x060000
May 05 18:39:23 mjs-hp kernel: pci 0000:00:02.0: [8086:1916] type 00 class 0x030000
May 05 18:39:23 mjs-hp kernel: pci 0000:00:02.0: reg 0x10: [mem 0xa0000000-0xa0ffffff 64bit]
May 05 18:39:23 mjs-hp kernel: pci 0000:00:02.0: reg 0x18: [mem 0x90000000-0x9fffffff 64bit pref]
May 05 18:39:23 mjs-hp kernel: pci 0000:00:02.0: reg 0x20: [io  0x4000-0x403f]
May 05 18:39:23 mjs-hp kernel: pci 0000:00:02.0: BAR 2: assigned to efifb
May 05 18:39:23 mjs-hp kernel: pci 0000:00:02.0: Video device with shadowed ROM at [mem 0x000c0000-0x000dffff]
May 05 18:39:23 mjs-hp kernel: pci 0000:00:04.0: [8086:1903] type 00 class 0x118000
May 05 18:39:23 mjs-hp kernel: pci 0000:00:04.0: reg 0x10: [mem 0xa1620000-0xa1627fff 64bit]
May 05 18:39:23 mjs-hp kernel: pci 0000:00:14.0: [8086:9d2f] type 00 class 0x0c0330
May 05 18:39:23 mjs-hp kernel: pci 0000:00:14.0: reg 0x10: [mem 0xa1600000-0xa160ffff 64bit]
May 05 18:39:23 mjs-hp kernel: pci 0000:00:14.0: PME# supported from D3hot D3cold
May 05 18:39:23 mjs-hp kernel: pci 0000:00:14.2: [8086:9d31] type 00 class 0x118000
May 05 18:39:23 mjs-hp kernel: pci 0000:00:14.2: reg 0x10: [mem 0xa1632000-0xa1632fff 64bit]
May 05 18:39:23 mjs-hp kernel: pci 0000:00:15.0: [8086:9d60] type 00 class 0x118000
May 05 18:39:23 mjs-hp kernel: pci 0000:00:15.0: reg 0x10: [mem 0xa1633000-0xa1633fff 64bit]
May 05 18:39:23 mjs-hp kernel: pci 0000:00:15.1: [8086:9d61] type 00 class 0x118000
May 05 18:39:23 mjs-hp kernel: pci 0000:00:15.1: reg 0x10: [mem 0xa1634000-0xa1634fff 64bit]
May 05 18:39:23 mjs-hp kernel: pci 0000:00:16.0: [8086:9d3a] type 00 class 0x078000
May 05 18:39:23 mjs-hp kernel: pci 0000:00:16.0: reg 0x10: [mem 0xa1635000-0xa1635fff 64bit]
May 05 18:39:23 mjs-hp kernel: pci 0000:00:16.0: PME# supported from D3hot
May 05 18:39:23 mjs-hp kernel: pci 0000:00:17.0: [8086:9d03] type 00 class 0x010601
May 05 18:39:23 mjs-hp kernel: pci 0000:00:17.0: reg 0x10: [mem 0xa1630000-0xa1631fff]
May 05 18:39:23 mjs-hp kernel: pci 0000:00:17.0: reg 0x14: [mem 0xa1638000-0xa16380ff]
May 05 18:39:23 mjs-hp kernel: pci 0000:00:17.0: reg 0x18: [io  0x4080-0x4087]
May 05 18:39:23 mjs-hp kernel: pci 0000:00:17.0: reg 0x1c: [io  0x4088-0x408b]
May 05 18:39:23 mjs-hp kernel: pci 0000:00:17.0: reg 0x20: [io  0x4060-0x407f]
May 05 18:39:23 mjs-hp kernel: pci 0000:00:17.0: reg 0x24: [mem 0xa1636000-0xa16367ff]
May 05 18:39:23 mjs-hp kernel: pci 0000:00:17.0: PME# supported from D3hot
May 05 18:39:23 mjs-hp kernel: pci 0000:00:1c.0: [8086:9d10] type 01 class 0x060400
May 05 18:39:23 mjs-hp kernel: pci 0000:00:1c.0: PME# supported from D0 D3hot D3cold
May 05 18:39:23 mjs-hp kernel: pci 0000:00:1c.4: [8086:9d14] type 01 class 0x060400
May 05 18:39:23 mjs-hp kernel: pci 0000:00:1c.4: PME# supported from D0 D3hot D3cold
May 05 18:39:23 mjs-hp kernel: pci 0000:00:1c.4: Intel SPT PCH root port ACS workaround enabled
May 05 18:39:23 mjs-hp kernel: pci 0000:00:1c.5: [8086:9d15] type 01 class 0x060400
May 05 18:39:23 mjs-hp kernel: pci 0000:00:1c.5: PME# supported from D0 D3hot D3cold
May 05 18:39:23 mjs-hp kernel: pci 0000:00:1c.5: Intel SPT PCH root port ACS workaround enabled
May 05 18:39:23 mjs-hp kernel: pci 0000:00:1d.0: [8086:9d18] type 01 class 0x060400
May 05 18:39:23 mjs-hp kernel: pci 0000:00:1d.0: PME# supported from D0 D3hot D3cold
May 05 18:39:23 mjs-hp kernel: pci 0000:00:1d.0: Intel SPT PCH root port ACS workaround enabled
May 05 18:39:23 mjs-hp kernel: pci 0000:00:1f.0: [8086:9d48] type 00 class 0x060100
May 05 18:39:23 mjs-hp kernel: pci 0000:00:1f.2: [8086:9d21] type 00 class 0x058000
May 05 18:39:23 mjs-hp kernel: pci 0000:00:1f.2: reg 0x10: [mem 0xa162c000-0xa162ffff]
May 05 18:39:23 mjs-hp kernel: pci 0000:00:1f.3: [8086:9d70] type 00 class 0x040300
May 05 18:39:23 mjs-hp kernel: pci 0000:00:1f.3: reg 0x10: [mem 0xa1628000-0xa162bfff 64bit]
May 05 18:39:23 mjs-hp kernel: pci 0000:00:1f.3: reg 0x20: [mem 0xa1610000-0xa161ffff 64bit]
May 05 18:39:23 mjs-hp kernel: pci 0000:00:1f.3: PME# supported from D3hot D3cold
May 05 18:39:23 mjs-hp kernel: pci 0000:00:1f.4: [8086:9d23] type 00 class 0x0c0500
May 05 18:39:23 mjs-hp kernel: pci 0000:00:1f.4: reg 0x10: [mem 0xa1637000-0xa16370ff 64bit]
May 05 18:39:23 mjs-hp kernel: pci 0000:00:1f.4: reg 0x20: [io  0x4040-0x405f]
May 05 18:39:23 mjs-hp kernel: pci 0000:00:1f.7: [8086:9d26] type 00 class 0x130000
May 05 18:39:23 mjs-hp kernel: pci 0000:00:1f.7: reg 0x10: [mem 0xa1200000-0xa12fffff 64bit]
May 05 18:39:23 mjs-hp kernel: pci 0000:00:1f.7: reg 0x18: [mem 0xfe200000-0xfe3fffff 64bit]
May 05 18:39:23 mjs-hp kernel: pci 0000:00:1c.0: PCI bridge to [bus 01]
May 05 18:39:23 mjs-hp kernel: pci 0000:02:00.0: [8086:095a] type 00 class 0x028000
May 05 18:39:23 mjs-hp kernel: pci 0000:02:00.0: reg 0x10: [mem 0xa1500000-0xa1501fff 64bit]
May 05 18:39:23 mjs-hp kernel: pci 0000:02:00.0: PME# supported from D0 D3hot D3cold
May 05 18:39:23 mjs-hp kernel: pci 0000:00:1c.4: PCI bridge to [bus 02]
May 05 18:39:23 mjs-hp kernel: pci 0000:00:1c.4:   bridge window [mem 0xa1500000-0xa15fffff]
May 05 18:39:23 mjs-hp kernel: pci 0000:03:00.0: [10ec:8168] type 00 class 0x020000
May 05 18:39:23 mjs-hp kernel: pci 0000:03:00.0: reg 0x10: [io  0x3000-0x30ff]
May 05 18:39:23 mjs-hp kernel: pci 0000:03:00.0: reg 0x18: [mem 0xa1404000-0xa1404fff 64bit]
May 05 18:39:23 mjs-hp kernel: pci 0000:03:00.0: reg 0x20: [mem 0xa1400000-0xa1403fff 64bit]
May 05 18:39:23 mjs-hp kernel: pci 0000:03:00.0: supports D1 D2
May 05 18:39:23 mjs-hp kernel: pci 0000:03:00.0: PME# supported from D0 D1 D2 D3hot D3cold
May 05 18:39:23 mjs-hp kernel: pci 0000:00:1c.5: PCI bridge to [bus 03]
May 05 18:39:23 mjs-hp kernel: pci 0000:00:1c.5:   bridge window [io  0x3000-0x3fff]
May 05 18:39:23 mjs-hp kernel: pci 0000:00:1c.5:   bridge window [mem 0xa1400000-0xa14fffff]
May 05 18:39:23 mjs-hp kernel: pci 0000:04:00.0: [10ec:522a] type 00 class 0xff0000
May 05 18:39:23 mjs-hp kernel: pci 0000:04:00.0: reg 0x10: [mem 0xa1300000-0xa1300fff]
May 05 18:39:23 mjs-hp kernel: pci 0000:04:00.0: supports D1 D2
May 05 18:39:23 mjs-hp kernel: pci 0000:04:00.0: PME# supported from D1 D2 D3hot D3cold
May 05 18:39:23 mjs-hp kernel: pci 0000:00:1d.0: PCI bridge to [bus 04]
May 05 18:39:23 mjs-hp kernel: pci 0000:00:1d.0:   bridge window [mem 0xa1300000-0xa13fffff]
May 05 18:39:23 mjs-hp kernel: ACPI: PCI: Interrupt link LNKA configured for IRQ 11
May 05 18:39:23 mjs-hp kernel: ACPI: PCI: Interrupt link LNKB configured for IRQ 10
May 05 18:39:23 mjs-hp kernel: ACPI: PCI: Interrupt link LNKC configured for IRQ 11
May 05 18:39:23 mjs-hp kernel: ACPI: PCI: Interrupt link LNKD configured for IRQ 11
May 05 18:39:23 mjs-hp kernel: ACPI: PCI: Interrupt link LNKE configured for IRQ 11
May 05 18:39:23 mjs-hp kernel: ACPI: PCI: Interrupt link LNKF configured for IRQ 11
May 05 18:39:23 mjs-hp kernel: ACPI: PCI: Interrupt link LNKG configured for IRQ 11
May 05 18:39:23 mjs-hp kernel: ACPI: PCI: Interrupt link LNKH configured for IRQ 11
May 05 18:39:23 mjs-hp kernel: platform MSFT0101:00: failed to claim resource 1: [mem 0xfed40000-0xfed40fff]
May 05 18:39:23 mjs-hp kernel: acpi MSFT0101:00: platform device creation failed: -16
May 05 18:39:23 mjs-hp kernel: ACPI: EC: interrupt unblocked
May 05 18:39:23 mjs-hp kernel: ACPI: EC: event unblocked
May 05 18:39:23 mjs-hp kernel: ACPI: EC: EC_CMD/EC_SC=0x66, EC_DATA=0x62
May 05 18:39:23 mjs-hp kernel: ACPI: EC: GPE=0x50
May 05 18:39:23 mjs-hp kernel: ACPI: \_SB_.PCI0.LPCB.EC0_: Boot DSDT EC initialization complete
May 05 18:39:23 mjs-hp kernel: ACPI: \_SB_.PCI0.LPCB.EC0_: EC: Used to handle transactions and events
May 05 18:39:23 mjs-hp kernel: iommu: Default domain type: Translated 
May 05 18:39:23 mjs-hp kernel: iommu: DMA domain TLB invalidation policy: lazy mode 
May 05 18:39:23 mjs-hp kernel: SCSI subsystem initialized
May 05 18:39:23 mjs-hp kernel: libata version 3.00 loaded.
May 05 18:39:23 mjs-hp kernel: pci 0000:00:02.0: vgaarb: setting as boot VGA device
May 05 18:39:23 mjs-hp kernel: pci 0000:00:02.0: vgaarb: VGA device added: decodes=io+mem,owns=io+mem,locks=none
May 05 18:39:23 mjs-hp kernel: pci 0000:00:02.0: vgaarb: bridge control possible
May 05 18:39:23 mjs-hp kernel: vgaarb: loaded
May 05 18:39:23 mjs-hp kernel: ACPI: bus type USB registered
May 05 18:39:23 mjs-hp kernel: usbcore: registered new interface driver usbfs
May 05 18:39:23 mjs-hp kernel: usbcore: registered new interface driver hub
May 05 18:39:23 mjs-hp kernel: usbcore: registered new device driver usb
May 05 18:39:23 mjs-hp kernel: pps_core: LinuxPPS API ver. 1 registered
May 05 18:39:23 mjs-hp kernel: pps_core: Software ver. 5.3.6 - Copyright 2005-2007 Rodolfo Giometti <giometti@linux.it>
May 05 18:39:23 mjs-hp kernel: PTP clock support registered
May 05 18:39:23 mjs-hp kernel: EDAC MC: Ver: 3.0.0
May 05 18:39:23 mjs-hp kernel: Registered efivars operations
May 05 18:39:23 mjs-hp kernel: NetLabel: Initializing
May 05 18:39:23 mjs-hp kernel: NetLabel:  domain hash size = 128
May 05 18:39:23 mjs-hp kernel: NetLabel:  protocols = UNLABELED CIPSOv4 CALIPSO
May 05 18:39:23 mjs-hp kernel: NetLabel:  unlabeled traffic allowed by default
May 05 18:39:23 mjs-hp kernel: PCI: Using ACPI for IRQ routing
May 05 18:39:23 mjs-hp kernel: PCI: pci_cache_line_size set to 64 bytes
May 05 18:39:23 mjs-hp kernel: e820: reserve RAM buffer [mem 0x00058000-0x0005ffff]
May 05 18:39:23 mjs-hp kernel: e820: reserve RAM buffer [mem 0x00086000-0x0008ffff]
May 05 18:39:23 mjs-hp kernel: e820: reserve RAM buffer [mem 0x6ca71018-0x6fffffff]
May 05 18:39:23 mjs-hp kernel: e820: reserve RAM buffer [mem 0x6df3f000-0x6fffffff]
May 05 18:39:23 mjs-hp kernel: e820: reserve RAM buffer [mem 0x706fd000-0x73ffffff]
May 05 18:39:23 mjs-hp kernel: e820: reserve RAM buffer [mem 0x707d2000-0x73ffffff]
May 05 18:39:23 mjs-hp kernel: e820: reserve RAM buffer [mem 0x7f20e000-0x7fffffff]
May 05 18:39:23 mjs-hp kernel: e820: reserve RAM buffer [mem 0x7ffff000-0x7fffffff]
May 05 18:39:23 mjs-hp kernel: hpet0: at MMIO 0xfed00000, IRQs 2, 8, 0, 0, 0, 0, 0, 0
May 05 18:39:23 mjs-hp kernel: hpet0: 8 comparators, 64-bit 24.000000 MHz counter
May 05 18:39:23 mjs-hp kernel: clocksource: Switched to clocksource tsc-early
May 05 18:39:23 mjs-hp kernel: VFS: Disk quotas dquot_6.6.0
May 05 18:39:23 mjs-hp kernel: VFS: Dquot-cache hash table entries: 512 (order 0, 4096 bytes)
May 05 18:39:23 mjs-hp kernel: AppArmor: AppArmor Filesystem Enabled
May 05 18:39:23 mjs-hp kernel: pnp: PnP ACPI init
May 05 18:39:23 mjs-hp kernel: system 00:00: [mem 0xfd000000-0xfdabffff] has been reserved
May 05 18:39:23 mjs-hp kernel: system 00:00: [mem 0xfdad0000-0xfdadffff] has been reserved
May 05 18:39:23 mjs-hp kernel: system 00:00: [mem 0xfdb00000-0xfdffffff] has been reserved
May 05 18:39:23 mjs-hp kernel: system 00:00: [mem 0xfe000000-0xfe01ffff] has been reserved
May 05 18:39:23 mjs-hp kernel: system 00:00: [mem 0xfe036000-0xfe03bfff] has been reserved
May 05 18:39:23 mjs-hp kernel: system 00:00: [mem 0xfe03d000-0xfe3fffff] could not be reserved
May 05 18:39:23 mjs-hp kernel: system 00:00: [mem 0xfe410000-0xfe7fffff] has been reserved
May 05 18:39:23 mjs-hp kernel: system 00:01: [io  0x2000-0x20fe] has been reserved
May 05 18:39:23 mjs-hp kernel: system 00:02: [io  0x0680-0x069f] has been reserved
May 05 18:39:23 mjs-hp kernel: system 00:02: [io  0xffff] has been reserved
May 05 18:39:23 mjs-hp kernel: system 00:02: [io  0xffff] has been reserved
May 05 18:39:23 mjs-hp kernel: system 00:02: [io  0xffff] has been reserved
May 05 18:39:23 mjs-hp kernel: system 00:02: [io  0x1800-0x18fe] has been reserved
May 05 18:39:23 mjs-hp kernel: system 00:02: [io  0x164e-0x164f] has been reserved
May 05 18:39:23 mjs-hp kernel: system 00:04: [io  0x1854-0x1857] has been reserved
May 05 18:39:23 mjs-hp kernel: system 00:08: [mem 0xfed10000-0xfed17fff] has been reserved
May 05 18:39:23 mjs-hp kernel: system 00:08: [mem 0xfed18000-0xfed18fff] has been reserved
May 05 18:39:23 mjs-hp kernel: system 00:08: [mem 0xfed19000-0xfed19fff] has been reserved
May 05 18:39:23 mjs-hp kernel: system 00:08: [mem 0xe0000000-0xefffffff] has been reserved
May 05 18:39:23 mjs-hp kernel: system 00:08: [mem 0xfed20000-0xfed3ffff] has been reserved
May 05 18:39:23 mjs-hp kernel: system 00:08: [mem 0xfed90000-0xfed93fff] could not be reserved
May 05 18:39:23 mjs-hp kernel: system 00:08: [mem 0xfed45000-0xfed8ffff] could not be reserved
May 05 18:39:23 mjs-hp kernel: system 00:08: [mem 0xff000000-0xffffffff] could not be reserved
May 05 18:39:23 mjs-hp kernel: system 00:08: [mem 0xfee00000-0xfeefffff] could not be reserved
May 05 18:39:23 mjs-hp kernel: system 00:08: [mem 0x8b000000-0x8b01ffff] has been reserved
May 05 18:39:23 mjs-hp kernel: pnp: PnP ACPI: found 9 devices
May 05 18:39:23 mjs-hp kernel: clocksource: acpi_pm: mask: 0xffffff max_cycles: 0xffffff, max_idle_ns: 2085701024 ns
May 05 18:39:23 mjs-hp kernel: NET: Registered PF_INET protocol family
May 05 18:39:23 mjs-hp kernel: IP idents hash table entries: 131072 (order: 8, 1048576 bytes, linear)
May 05 18:39:23 mjs-hp kernel: tcp_listen_portaddr_hash hash table entries: 4096 (order: 4, 65536 bytes, linear)
May 05 18:39:23 mjs-hp kernel: TCP established hash table entries: 65536 (order: 7, 524288 bytes, linear)
May 05 18:39:23 mjs-hp kernel: TCP bind hash table entries: 65536 (order: 8, 1048576 bytes, linear)
May 05 18:39:23 mjs-hp kernel: TCP: Hash tables configured (established 65536 bind 65536)
May 05 18:39:23 mjs-hp kernel: MPTCP token hash table entries: 8192 (order: 5, 196608 bytes, linear)
May 05 18:39:23 mjs-hp kernel: UDP hash table entries: 4096 (order: 5, 131072 bytes, linear)
May 05 18:39:23 mjs-hp kernel: UDP-Lite hash table entries: 4096 (order: 5, 131072 bytes, linear)
May 05 18:39:23 mjs-hp kernel: NET: Registered PF_UNIX/PF_LOCAL protocol family
May 05 18:39:23 mjs-hp kernel: NET: Registered PF_XDP protocol family
May 05 18:39:23 mjs-hp kernel: pci 0000:00:1c.0: bridge window [io  0x1000-0x0fff] to [bus 01] add_size 1000
May 05 18:39:23 mjs-hp kernel: pci 0000:00:1c.0: bridge window [mem 0x00100000-0x000fffff 64bit pref] to [bus 01] add_size 200000 add_align 100000
May 05 18:39:23 mjs-hp kernel: pci 0000:00:1c.0: bridge window [mem 0x00100000-0x000fffff] to [bus 01] add_size 200000 add_align 100000
May 05 18:39:23 mjs-hp kernel: pci 0000:00:1c.0: BAR 14: assigned [mem 0x8b100000-0x8b2fffff]
May 05 18:39:23 mjs-hp kernel: pci 0000:00:1c.0: BAR 15: assigned [mem 0x8b300000-0x8b4fffff 64bit pref]
May 05 18:39:23 mjs-hp kernel: pci 0000:00:1c.0: BAR 13: assigned [io  0x5000-0x5fff]
May 05 18:39:23 mjs-hp kernel: pci 0000:00:1c.0: PCI bridge to [bus 01]
May 05 18:39:23 mjs-hp kernel: pci 0000:00:1c.0:   bridge window [io  0x5000-0x5fff]
May 05 18:39:23 mjs-hp kernel: pci 0000:00:1c.0:   bridge window [mem 0x8b100000-0x8b2fffff]
May 05 18:39:23 mjs-hp kernel: pci 0000:00:1c.0:   bridge window [mem 0x8b300000-0x8b4fffff 64bit pref]
May 05 18:39:23 mjs-hp kernel: pci 0000:00:1c.4: PCI bridge to [bus 02]
May 05 18:39:23 mjs-hp kernel: pci 0000:00:1c.4:   bridge window [mem 0xa1500000-0xa15fffff]
May 05 18:39:23 mjs-hp kernel: pci 0000:00:1c.5: PCI bridge to [bus 03]
May 05 18:39:23 mjs-hp kernel: pci 0000:00:1c.5:   bridge window [io  0x3000-0x3fff]
May 05 18:39:23 mjs-hp kernel: pci 0000:00:1c.5:   bridge window [mem 0xa1400000-0xa14fffff]
May 05 18:39:23 mjs-hp kernel: pci 0000:00:1d.0: PCI bridge to [bus 04]
May 05 18:39:23 mjs-hp kernel: pci 0000:00:1d.0:   bridge window [mem 0xa1300000-0xa13fffff]
May 05 18:39:23 mjs-hp kernel: pci_bus 0000:00: resource 4 [io  0x0000-0x0cf7 window]
May 05 18:39:23 mjs-hp kernel: pci_bus 0000:00: resource 5 [io  0x0d00-0xffff window]
May 05 18:39:23 mjs-hp kernel: pci_bus 0000:00: resource 6 [mem 0x000a0000-0x000fffff window]
May 05 18:39:23 mjs-hp kernel: pci_bus 0000:00: resource 7 [mem 0x8b000000-0xdfffffff window]
May 05 18:39:23 mjs-hp kernel: pci_bus 0000:00: resource 8 [mem 0xfd000000-0xfe80ffff window]
May 05 18:39:23 mjs-hp kernel: pci_bus 0000:01: resource 0 [io  0x5000-0x5fff]
May 05 18:39:23 mjs-hp kernel: pci_bus 0000:01: resource 1 [mem 0x8b100000-0x8b2fffff]
May 05 18:39:23 mjs-hp kernel: pci_bus 0000:01: resource 2 [mem 0x8b300000-0x8b4fffff 64bit pref]
May 05 18:39:23 mjs-hp kernel: pci_bus 0000:02: resource 1 [mem 0xa1500000-0xa15fffff]
May 05 18:39:23 mjs-hp kernel: pci_bus 0000:03: resource 0 [io  0x3000-0x3fff]
May 05 18:39:23 mjs-hp kernel: pci_bus 0000:03: resource 1 [mem 0xa1400000-0xa14fffff]
May 05 18:39:23 mjs-hp kernel: pci_bus 0000:04: resource 1 [mem 0xa1300000-0xa13fffff]
May 05 18:39:23 mjs-hp kernel: PCI: CLS 64 bytes, default 64
May 05 18:39:23 mjs-hp kernel: DMAR: ACPI device "device:6e" under DMAR at fed91000 as 00:15.0
May 05 18:39:23 mjs-hp kernel: DMAR: ACPI device "device:6f" under DMAR at fed91000 as 00:15.1
May 05 18:39:23 mjs-hp kernel: DMAR: No ATSR found
May 05 18:39:23 mjs-hp kernel: DMAR: No SATC found
May 05 18:39:23 mjs-hp kernel: DMAR: IOMMU feature fl1gp_support inconsistent
May 05 18:39:23 mjs-hp kernel: DMAR: IOMMU feature pgsel_inv inconsistent
May 05 18:39:23 mjs-hp kernel: DMAR: IOMMU feature nwfs inconsistent
May 05 18:39:23 mjs-hp kernel: DMAR: IOMMU feature eafs inconsistent
May 05 18:39:23 mjs-hp kernel: DMAR: IOMMU feature prs inconsistent
May 05 18:39:23 mjs-hp kernel: DMAR: IOMMU feature nest inconsistent
May 05 18:39:23 mjs-hp kernel: DMAR: IOMMU feature mts inconsistent
May 05 18:39:23 mjs-hp kernel: DMAR: IOMMU feature sc_support inconsistent
May 05 18:39:23 mjs-hp kernel: DMAR: IOMMU feature dev_iotlb_support inconsistent
May 05 18:39:23 mjs-hp kernel: DMAR: dmar0: Using Queued invalidation
May 05 18:39:23 mjs-hp kernel: DMAR: dmar1: Using Queued invalidation
May 05 18:39:23 mjs-hp kernel: Trying to unpack rootfs image as initramfs...
May 05 18:39:23 mjs-hp kernel: pci 0000:00:00.0: Adding to iommu group 0
May 05 18:39:23 mjs-hp kernel: pci 0000:00:02.0: Adding to iommu group 1
May 05 18:39:23 mjs-hp kernel: pci 0000:00:04.0: Adding to iommu group 2
May 05 18:39:23 mjs-hp kernel: pci 0000:00:14.0: Adding to iommu group 3
May 05 18:39:23 mjs-hp kernel: pci 0000:00:14.2: Adding to iommu group 3
May 05 18:39:23 mjs-hp kernel: pci 0000:00:15.0: Adding to iommu group 4
May 05 18:39:23 mjs-hp kernel: pci 0000:00:15.1: Adding to iommu group 4
May 05 18:39:23 mjs-hp kernel: pci 0000:00:16.0: Adding to iommu group 5
May 05 18:39:23 mjs-hp kernel: pci 0000:00:17.0: Adding to iommu group 6
May 05 18:39:23 mjs-hp kernel: pci 0000:00:1c.0: Adding to iommu group 7
May 05 18:39:23 mjs-hp kernel: pci 0000:00:1c.4: Adding to iommu group 8
May 05 18:39:23 mjs-hp kernel: pci 0000:00:1c.5: Adding to iommu group 9
May 05 18:39:23 mjs-hp kernel: pci 0000:00:1d.0: Adding to iommu group 10
May 05 18:39:23 mjs-hp kernel: pci 0000:00:1f.0: Adding to iommu group 11
May 05 18:39:23 mjs-hp kernel: pci 0000:00:1f.2: Adding to iommu group 11
May 05 18:39:23 mjs-hp kernel: pci 0000:00:1f.3: Adding to iommu group 11
May 05 18:39:23 mjs-hp kernel: pci 0000:00:1f.4: Adding to iommu group 11
May 05 18:39:23 mjs-hp kernel: pci 0000:00:1f.7: Adding to iommu group 11
May 05 18:39:23 mjs-hp kernel: pci 0000:02:00.0: Adding to iommu group 12
May 05 18:39:23 mjs-hp kernel: pci 0000:03:00.0: Adding to iommu group 13
May 05 18:39:23 mjs-hp kernel: pci 0000:04:00.0: Adding to iommu group 14
May 05 18:39:23 mjs-hp kernel: DMAR: Intel(R) Virtualization Technology for Directed I/O
May 05 18:39:23 mjs-hp kernel: PCI-DMA: Using software bounce buffering for IO (SWIOTLB)
May 05 18:39:23 mjs-hp kernel: software IO TLB: mapped [mem 0x000000007ace1000-0x000000007ece1000] (64MB)
May 05 18:39:23 mjs-hp kernel: sgx: EPC section 0x80200000-0x85f7ffff
May 05 18:39:23 mjs-hp kernel: Initialise system trusted keyrings
May 05 18:39:23 mjs-hp kernel: Key type blacklist registered
May 05 18:39:23 mjs-hp kernel: workingset: timestamp_bits=36 max_order=21 bucket_order=0
May 05 18:39:23 mjs-hp kernel: zbud: loaded
May 05 18:39:23 mjs-hp kernel: squashfs: version 4.0 (2009/01/31) Phillip Lougher
May 05 18:39:23 mjs-hp kernel: fuse: init (API version 7.34)
May 05 18:39:23 mjs-hp kernel: integrity: Platform Keyring initialized
May 05 18:39:23 mjs-hp kernel: Key type asymmetric registered
May 05 18:39:23 mjs-hp kernel: Asymmetric key parser 'x509' registered
May 05 18:39:23 mjs-hp kernel: Block layer SCSI generic (bsg) driver version 0.4 loaded (major 243)
May 05 18:39:23 mjs-hp kernel: io scheduler mq-deadline registered
May 05 18:39:23 mjs-hp kernel: pcieport 0000:00:1c.0: PME: Signaling with IRQ 122
May 05 18:39:23 mjs-hp kernel: pcieport 0000:00:1c.0: pciehp: Slot #0 AttnBtn- PwrCtrl- MRL- AttnInd- PwrInd- HotPlug+ Surprise+ Interlock- NoCompl+ IbPresDis- LLActRep+
May 05 18:39:23 mjs-hp kernel: pcieport 0000:00:1c.4: PME: Signaling with IRQ 123
May 05 18:39:23 mjs-hp kernel: pcieport 0000:00:1c.4: AER: enabled with IRQ 123
May 05 18:39:23 mjs-hp kernel: pcieport 0000:00:1c.5: PME: Signaling with IRQ 124
May 05 18:39:23 mjs-hp kernel: pcieport 0000:00:1c.5: AER: enabled with IRQ 124
May 05 18:39:23 mjs-hp kernel: pcieport 0000:00:1d.0: PME: Signaling with IRQ 125
May 05 18:39:23 mjs-hp kernel: pcieport 0000:00:1d.0: AER: enabled with IRQ 125
May 05 18:39:23 mjs-hp kernel: shpchp: Standard Hot Plug PCI Controller Driver version: 0.4
May 05 18:39:23 mjs-hp kernel: ACPI: AC: AC Adapter [ADP1] (on-line)
May 05 18:39:23 mjs-hp kernel: input: Lid Switch as /devices/LNXSYSTM:00/LNXSYBUS:00/PNP0C0D:01/input/input0
May 05 18:39:23 mjs-hp kernel: ACPI: button: Lid Switch [LID0]
May 05 18:39:23 mjs-hp kernel: input: Power Button as /devices/LNXSYSTM:00/LNXSYBUS:00/PNP0C0C:00/input/input1
May 05 18:39:23 mjs-hp kernel: ACPI: button: Power Button [PWRB]
May 05 18:39:23 mjs-hp kernel: input: Power Button as /devices/LNXSYSTM:00/LNXPWRBN:00/input/input2
May 05 18:39:23 mjs-hp kernel: ACPI: button: Power Button [PWRF]
May 05 18:39:23 mjs-hp kernel: smpboot: Estimated ratio of average max frequency by base frequency (times 1024): 1152
May 05 18:39:23 mjs-hp kernel: thermal LNXTHERM:00: registered as thermal_zone0
May 05 18:39:23 mjs-hp kernel: ACPI: thermal: Thermal Zone [TZS0] (31 C)
May 05 18:39:23 mjs-hp kernel: thermal LNXTHERM:01: registered as thermal_zone1
May 05 18:39:23 mjs-hp kernel: ACPI: thermal: Thermal Zone [TZS1] (30 C)
May 05 18:39:23 mjs-hp kernel: Serial: 8250/16550 driver, 32 ports, IRQ sharing enabled
May 05 18:39:23 mjs-hp kernel: Linux agpgart interface v0.103
May 05 18:39:23 mjs-hp kernel: tpm_crb MSFT0101:00: [Firmware Bug]: Bad ACPI memory layout
May 05 18:39:23 mjs-hp kernel: ACPI: battery: Slot [BAT0] (battery present)
May 05 18:39:23 mjs-hp kernel: loop: module loaded
May 05 18:39:23 mjs-hp kernel: tun: Universal TUN/TAP device driver, 1.6
May 05 18:39:23 mjs-hp kernel: PPP generic driver version 2.4.2
May 05 18:39:23 mjs-hp kernel: VFIO - User Level meta-driver version: 0.3
May 05 18:39:23 mjs-hp kernel: ehci_hcd: USB 2.0 'Enhanced' Host Controller (EHCI) Driver
May 05 18:39:23 mjs-hp kernel: ehci-pci: EHCI PCI platform driver
May 05 18:39:23 mjs-hp kernel: ehci-platform: EHCI generic platform driver
May 05 18:39:23 mjs-hp kernel: ohci_hcd: USB 1.1 'Open' Host Controller (OHCI) Driver
May 05 18:39:23 mjs-hp kernel: ohci-pci: OHCI PCI platform driver
May 05 18:39:23 mjs-hp kernel: ohci-platform: OHCI generic platform driver
May 05 18:39:23 mjs-hp kernel: uhci_hcd: USB Universal Host Controller Interface driver
May 05 18:39:23 mjs-hp kernel: i8042: PNP: PS/2 Controller [PNP0303:KBD0,PNP0f13:PS2M] at 0x60,0x64 irq 1,12
May 05 18:39:23 mjs-hp kernel: serio: i8042 KBD port at 0x60,0x64 irq 1
May 05 18:39:23 mjs-hp kernel: serio: i8042 AUX port at 0x60,0x64 irq 12
May 05 18:39:23 mjs-hp kernel: mousedev: PS/2 mouse device common for all mice
May 05 18:39:23 mjs-hp kernel: rtc_cmos 00:03: RTC can wake from S4
May 05 18:39:23 mjs-hp kernel: rtc_cmos 00:03: registered as rtc0
May 05 18:39:23 mjs-hp kernel: rtc_cmos 00:03: setting system clock to 2022-05-05T22:39:20 UTC (1651790360)
May 05 18:39:23 mjs-hp kernel: rtc_cmos 00:03: alarms up to one month, y3k, 242 bytes nvram, hpet irqs
May 05 18:39:23 mjs-hp kernel: i2c_dev: i2c /dev entries driver
May 05 18:39:23 mjs-hp kernel: device-mapper: core: CONFIG_IMA_DISABLE_HTABLE is disabled. Duplicate IMA measurements will not be recorded in the IMA log.
May 05 18:39:23 mjs-hp kernel: device-mapper: uevent: version 1.0.3
May 05 18:39:23 mjs-hp kernel: device-mapper: ioctl: 4.45.0-ioctl (2021-03-22) initialised: dm-devel@redhat.com
May 05 18:39:23 mjs-hp kernel: platform eisa.0: Probing EISA bus 0
May 05 18:39:23 mjs-hp kernel: platform eisa.0: EISA: Cannot allocate resource for mainboard
May 05 18:39:23 mjs-hp kernel: platform eisa.0: Cannot allocate resource for EISA slot 1
May 05 18:39:23 mjs-hp kernel: platform eisa.0: Cannot allocate resource for EISA slot 2
May 05 18:39:23 mjs-hp kernel: platform eisa.0: Cannot allocate resource for EISA slot 3
May 05 18:39:23 mjs-hp kernel: platform eisa.0: Cannot allocate resource for EISA slot 4
May 05 18:39:23 mjs-hp kernel: platform eisa.0: Cannot allocate resource for EISA slot 5
May 05 18:39:23 mjs-hp kernel: platform eisa.0: Cannot allocate resource for EISA slot 6
May 05 18:39:23 mjs-hp kernel: platform eisa.0: Cannot allocate resource for EISA slot 7
May 05 18:39:23 mjs-hp kernel: platform eisa.0: Cannot allocate resource for EISA slot 8
May 05 18:39:23 mjs-hp kernel: platform eisa.0: EISA: Detected 0 cards
May 05 18:39:23 mjs-hp kernel: intel_pstate: Intel P-state driver initializing
May 05 18:39:23 mjs-hp kernel: intel_pstate: HWP enabled
May 05 18:39:23 mjs-hp kernel: ledtrig-cpu: registered to indicate activity on CPUs
May 05 18:39:23 mjs-hp kernel: efifb: probing for efifb
May 05 18:39:23 mjs-hp kernel: efifb: showing boot graphics
May 05 18:39:23 mjs-hp kernel: efifb: framebuffer at 0x90000000, using 8100k, total 8100k
May 05 18:39:23 mjs-hp kernel: efifb: mode is 1920x1080x32, linelength=7680, pages=1
May 05 18:39:23 mjs-hp kernel: efifb: scrolling: redraw
May 05 18:39:23 mjs-hp kernel: efifb: Truecolor: size=8:8:8:8, shift=24:16:8:0
May 05 18:39:23 mjs-hp kernel: Console: switching to colour frame buffer device 240x67
May 05 18:39:23 mjs-hp kernel: fb0: EFI VGA frame buffer device
May 05 18:39:23 mjs-hp kernel: EFI Variables Facility v0.08 2004-May-17
May 05 18:39:23 mjs-hp kernel: input: AT Translated Set 2 keyboard as /devices/platform/i8042/serio0/input/input3
May 05 18:39:23 mjs-hp kernel: intel_pmc_core intel_pmc_core.0:  initialized
May 05 18:39:23 mjs-hp kernel: drop_monitor: Initializing network drop monitor service
May 05 18:39:23 mjs-hp kernel: NET: Registered PF_INET6 protocol family
May 05 18:39:23 mjs-hp kernel: Freeing initrd memory: 60508K
May 05 18:39:23 mjs-hp kernel: Segment Routing with IPv6
May 05 18:39:23 mjs-hp kernel: In-situ OAM (IOAM) with IPv6
May 05 18:39:23 mjs-hp kernel: NET: Registered PF_PACKET protocol family
May 05 18:39:23 mjs-hp kernel: Key type dns_resolver registered
May 05 18:39:23 mjs-hp kernel: microcode: sig=0x406e3, pf=0x80, revision=0xea
May 05 18:39:23 mjs-hp kernel: microcode: Microcode Update Driver: v2.2.
May 05 18:39:23 mjs-hp kernel: IPI shorthand broadcast: enabled
May 05 18:39:23 mjs-hp kernel: sched_clock: Marking stable (880121141, 741296)->(884378028, -3515591)
May 05 18:39:23 mjs-hp kernel: registered taskstats version 1
May 05 18:39:23 mjs-hp kernel: Loading compiled-in X.509 certificates
May 05 18:39:23 mjs-hp kernel: Loaded X.509 cert 'Build time autogenerated kernel key: 51a1688c03299ca920257efef8f640a78087dd9b'
May 05 18:39:23 mjs-hp kernel: Loaded X.509 cert 'Canonical Ltd. Live Patch Signing: 14df34d1a87cf37625abec039ef2bf521249b969'
May 05 18:39:23 mjs-hp kernel: Loaded X.509 cert 'Canonical Ltd. Kernel Module Signing: 88f752e560a1e0737e31163a466ad7b70a850c19'
May 05 18:39:23 mjs-hp kernel: blacklist: Loading compiled-in revocation X.509 certificates
May 05 18:39:23 mjs-hp kernel: Loaded X.509 cert 'Canonical Ltd. Secure Boot Signing: 61482aa2830d0ab2ad5af10b7250da9033ddcef0'
May 05 18:39:23 mjs-hp kernel: zswap: loaded using pool lzo/zbud
May 05 18:39:23 mjs-hp kernel: Key type ._fscrypt registered
May 05 18:39:23 mjs-hp kernel: Key type .fscrypt registered
May 05 18:39:23 mjs-hp kernel: Key type fscrypt-provisioning registered
May 05 18:39:23 mjs-hp kernel: Key type trusted registered
May 05 18:39:23 mjs-hp kernel: Key type encrypted registered
May 05 18:39:23 mjs-hp kernel: AppArmor: AppArmor sha1 policy hashing enabled
May 05 18:39:23 mjs-hp kernel: integrity: Loading X.509 certificate: UEFI:db
May 05 18:39:23 mjs-hp kernel: integrity: Loaded X.509 cert 'Microsoft Windows Production PCA 2011: a92902398e16c49778cd90f99e4f9ae17c55af53'
May 05 18:39:23 mjs-hp kernel: integrity: Loading X.509 certificate: UEFI:db
May 05 18:39:23 mjs-hp kernel: integrity: Loaded X.509 cert 'Microsoft Corporation UEFI CA 2011: 13adbf4309bd82709c8cd54f316ed522988a1bd4'
May 05 18:39:23 mjs-hp kernel: integrity: Loading X.509 certificate: UEFI:db
May 05 18:39:23 mjs-hp kernel: integrity: Loaded X.509 cert 'Hewlett-Packard Company: HP UEFI Secure Boot 2013 DB key: 1d7cf2c2b92673f69c8ee1ec7063967ab9b62bec'
May 05 18:39:23 mjs-hp kernel: integrity: Loading X.509 certificate: UEFI:MokListRT (MOKvar table)
May 05 18:39:23 mjs-hp kernel: integrity: Loaded X.509 cert 'Canonical Ltd. Master Certificate Authority: ad91990bc22ab1f517048c23b6655a268e345a63'
May 05 18:39:23 mjs-hp kernel: Loading compiled-in module X.509 certificates
May 05 18:39:23 mjs-hp kernel: Loaded X.509 cert 'Build time autogenerated kernel key: 51a1688c03299ca920257efef8f640a78087dd9b'
May 05 18:39:23 mjs-hp kernel: ima: Allocated hash algorithm: sha1
May 05 18:39:23 mjs-hp kernel: ima: No architecture policies found
May 05 18:39:23 mjs-hp kernel: evm: Initialising EVM extended attributes:
May 05 18:39:23 mjs-hp kernel: evm: security.selinux
May 05 18:39:23 mjs-hp kernel: evm: security.SMACK64
May 05 18:39:23 mjs-hp kernel: evm: security.SMACK64EXEC
May 05 18:39:23 mjs-hp kernel: evm: security.SMACK64TRANSMUTE
May 05 18:39:23 mjs-hp kernel: evm: security.SMACK64MMAP
May 05 18:39:23 mjs-hp kernel: evm: security.apparmor
May 05 18:39:23 mjs-hp kernel: evm: security.ima
May 05 18:39:23 mjs-hp kernel: evm: security.capability
May 05 18:39:23 mjs-hp kernel: evm: HMAC attrs: 0x1
May 05 18:39:23 mjs-hp kernel: PM:   Magic number: 6:835:703
May 05 18:39:23 mjs-hp kernel: RAS: Correctable Errors collector initialized.
May 05 18:39:23 mjs-hp kernel: Lockdown: swapper/0: hibernation is restricted; see man kernel_lockdown.7
May 05 18:39:23 mjs-hp kernel: Freeing unused decrypted memory: 2036K
May 05 18:39:23 mjs-hp kernel: Freeing unused kernel image (initmem) memory: 2892K
May 05 18:39:23 mjs-hp kernel: Write protecting the kernel read-only data: 30720k
May 05 18:39:23 mjs-hp kernel: Freeing unused kernel image (text/rodata gap) memory: 2036K
May 05 18:39:23 mjs-hp kernel: Freeing unused kernel image (rodata/data gap) memory: 1508K
May 05 18:39:23 mjs-hp kernel: x86/mm: Checked W+X mappings: passed, no W+X pages found.
May 05 18:39:23 mjs-hp kernel: x86/mm: Checking user space page tables
May 05 18:39:23 mjs-hp kernel: x86/mm: Checked W+X mappings: passed, no W+X pages found.
May 05 18:39:23 mjs-hp kernel: Run /init as init process
May 05 18:39:23 mjs-hp kernel:   with arguments:
May 05 18:39:23 mjs-hp kernel:     /init
May 05 18:39:23 mjs-hp kernel:     splash
May 05 18:39:23 mjs-hp kernel:   with environment:
May 05 18:39:23 mjs-hp kernel:     HOME=/
May 05 18:39:23 mjs-hp kernel:     TERM=linux
May 05 18:39:23 mjs-hp kernel:     BOOT_IMAGE=/boot/vmlinuz-5.15.0-27-generic
May 05 18:39:23 mjs-hp kernel: hid: raw HID events driver (C) Jiri Kosina
May 05 18:39:23 mjs-hp kernel: acpi PNP0C14:02: duplicate WMI GUID 05901221-D566-11D1-B2F0-00A0C9062910 (first instance was on PNP0C14:01)
May 05 18:39:23 mjs-hp kernel: wmi_bus wmi_bus-PNP0C14:02: WQBJ data block query control method not found
May 05 18:39:23 mjs-hp kernel: intel-lpss 0000:00:15.0: enabling device (0000 -> 0002)
May 05 18:39:23 mjs-hp kernel: idma64 idma64.0: Found Intel integrated DMA 64-bit
May 05 18:39:23 mjs-hp kernel: ahci 0000:00:17.0: version 3.0
May 05 18:39:23 mjs-hp kernel: xhci_hcd 0000:00:14.0: xHCI Host Controller
May 05 18:39:23 mjs-hp kernel: xhci_hcd 0000:00:14.0: new USB bus registered, assigned bus number 1
May 05 18:39:23 mjs-hp kernel: xhci_hcd 0000:00:14.0: hcc params 0x200077c1 hci version 0x100 quirks 0x0000000081109810
May 05 18:39:23 mjs-hp kernel: ahci 0000:00:17.0: AHCI 0001.0301 32 slots 2 ports 6 Gbps 0x3 impl SATA mode
May 05 18:39:23 mjs-hp kernel: ahci 0000:00:17.0: flags: 64bit ncq pm led clo only pio slum part deso sadm sds apst 
May 05 18:39:23 mjs-hp kernel: usb usb1: New USB device found, idVendor=1d6b, idProduct=0002, bcdDevice= 5.15
May 05 18:39:23 mjs-hp kernel: usb usb1: New USB device strings: Mfr=3, Product=2, SerialNumber=1
May 05 18:39:23 mjs-hp kernel: usb usb1: Product: xHCI Host Controller
May 05 18:39:23 mjs-hp kernel: usb usb1: Manufacturer: Linux 5.15.0-27-generic xhci-hcd
May 05 18:39:23 mjs-hp kernel: usb usb1: SerialNumber: 0000:00:14.0
May 05 18:39:23 mjs-hp kernel: i801_smbus 0000:00:1f.4: SMBus using PCI interrupt
May 05 18:39:23 mjs-hp kernel: hub 1-0:1.0: USB hub found
May 05 18:39:23 mjs-hp kernel: hub 1-0:1.0: 12 ports detected
May 05 18:39:23 mjs-hp kernel: r8169 0000:03:00.0 eth0: RTL8168h/8111h, b0:5a:da:aa:54:05, XID 541, IRQ 129
May 05 18:39:23 mjs-hp kernel: r8169 0000:03:00.0 eth0: jumbo features [frames: 9194 bytes, tx checksumming: ko]
May 05 18:39:23 mjs-hp kernel: i2c i2c-0: 1/1 memory slots populated (from DMI)
May 05 18:39:23 mjs-hp kernel: scsi host0: ahci
May 05 18:39:23 mjs-hp kernel: xhci_hcd 0000:00:14.0: xHCI Host Controller
May 05 18:39:23 mjs-hp kernel: xhci_hcd 0000:00:14.0: new USB bus registered, assigned bus number 2
May 05 18:39:23 mjs-hp kernel: xhci_hcd 0000:00:14.0: Host supports USB 3.0 SuperSpeed
May 05 18:39:23 mjs-hp kernel: usb usb2: New USB device found, idVendor=1d6b, idProduct=0003, bcdDevice= 5.15
May 05 18:39:23 mjs-hp kernel: usb usb2: New USB device strings: Mfr=3, Product=2, SerialNumber=1
May 05 18:39:23 mjs-hp kernel: usb usb2: Product: xHCI Host Controller
May 05 18:39:23 mjs-hp kernel: usb usb2: Manufacturer: Linux 5.15.0-27-generic xhci-hcd
May 05 18:39:23 mjs-hp kernel: usb usb2: SerialNumber: 0000:00:14.0
May 05 18:39:23 mjs-hp kernel: scsi host1: ahci
May 05 18:39:23 mjs-hp kernel: intel-lpss 0000:00:15.1: enabling device (0000 -> 0002)
May 05 18:39:23 mjs-hp kernel: ata1: SATA max UDMA/133 abar m2048@0xa1636000 port 0xa1636100 irq 126
May 05 18:39:23 mjs-hp kernel: ata2: SATA max UDMA/133 abar m2048@0xa1636000 port 0xa1636180 irq 126
May 05 18:39:23 mjs-hp kernel: hub 2-0:1.0: USB hub found
May 05 18:39:23 mjs-hp kernel: hub 2-0:1.0: 6 ports detected
May 05 18:39:23 mjs-hp kernel: idma64 idma64.1: Found Intel integrated DMA 64-bit
May 05 18:39:23 mjs-hp kernel: usb: port power management may be unreliable
May 05 18:39:23 mjs-hp kernel: r8169 0000:03:00.0 enp3s0: renamed from eth0
May 05 18:39:23 mjs-hp kernel: input: SYNA7501:00 06CB:12B7 as /devices/pci0000:00/0000:00:15.1/i2c_designware.1/i2c-2/i2c-SYNA7501:00/0018:06CB:12B7.0001/input/input6
May 05 18:39:23 mjs-hp kernel: input: SYNA7501:00 06CB:12B7 Touchscreen as /devices/pci0000:00/0000:00:15.1/i2c_designware.1/i2c-2/i2c-SYNA7501:00/0018:06CB:12B7.0001/input/input7
May 05 18:39:23 mjs-hp kernel: hid-generic 0018:06CB:12B7.0001: input,hidraw0: I2C HID v1.00 Device [SYNA7501:00 06CB:12B7] on i2c-SYNA7501:00
May 05 18:39:23 mjs-hp kernel: tsc: Refined TSC clocksource calibration: 2399.991 MHz
May 05 18:39:23 mjs-hp kernel: clocksource: tsc: mask: 0xffffffffffffffff max_cycles: 0x22982efeb2e, max_idle_ns: 440795282550 ns
May 05 18:39:23 mjs-hp kernel: clocksource: Switched to clocksource tsc
May 05 18:39:23 mjs-hp kernel: ata1: SATA link up 6.0 Gbps (SStatus 133 SControl 300)
May 05 18:39:23 mjs-hp kernel: ata1.00: supports DRM functions and may not be fully accessible
May 05 18:39:23 mjs-hp kernel: ata1.00: ATA-11: Samsung SSD 870 EVO 500GB, SVT01B6Q, max UDMA/133
May 05 18:39:23 mjs-hp kernel: ata2: SATA link down (SStatus 4 SControl 300)
May 05 18:39:23 mjs-hp kernel: ata1.00: disabling queued TRIM support
May 05 18:39:23 mjs-hp kernel: ata1.00: 976773168 sectors, multi 1: LBA48 NCQ (depth 32), AA
May 05 18:39:23 mjs-hp kernel: ata1.00: Features: Trust Dev-Sleep NCQ-sndrcv
May 05 18:39:23 mjs-hp kernel: ata1.00: supports DRM functions and may not be fully accessible
May 05 18:39:23 mjs-hp kernel: ata1.00: disabling queued TRIM support
May 05 18:39:23 mjs-hp kernel: ata1.00: configured for UDMA/133
May 05 18:39:23 mjs-hp kernel: usb 1-3: new full-speed USB device number 2 using xhci_hcd
May 05 18:39:23 mjs-hp kernel: ahci 0000:00:17.0: port does not support device sleep
May 05 18:39:23 mjs-hp kernel: scsi 0:0:0:0: Direct-Access     ATA      Samsung SSD 870  1B6Q PQ: 0 ANSI: 5
May 05 18:39:23 mjs-hp kernel: sd 0:0:0:0: Attached scsi generic sg0 type 0
May 05 18:39:23 mjs-hp kernel: ata1.00: Enabling discard_zeroes_data
May 05 18:39:23 mjs-hp kernel: sd 0:0:0:0: [sda] 976773168 512-byte logical blocks: (500 GB/466 GiB)
May 05 18:39:23 mjs-hp kernel: sd 0:0:0:0: [sda] Write Protect is off
May 05 18:39:23 mjs-hp kernel: sd 0:0:0:0: [sda] Mode Sense: 00 3a 00 00
May 05 18:39:23 mjs-hp kernel: sd 0:0:0:0: [sda] Write cache: enabled, read cache: enabled, doesn't support DPO or FUA
May 05 18:39:23 mjs-hp kernel: ata1.00: Enabling discard_zeroes_data
May 05 18:39:23 mjs-hp kernel:  sda: sda1 sda2
May 05 18:39:23 mjs-hp kernel: ata1.00: Enabling discard_zeroes_data
May 05 18:39:23 mjs-hp kernel: sd 0:0:0:0: [sda] supports TCG Opal
May 05 18:39:23 mjs-hp kernel: sd 0:0:0:0: [sda] Attached SCSI disk
May 05 18:39:23 mjs-hp kernel: usb 1-3: New USB device found, idVendor=1b1c, idProduct=1b4f, bcdDevice= 3.24
May 05 18:39:23 mjs-hp kernel: usb 1-3: New USB device strings: Mfr=1, Product=2, SerialNumber=3
May 05 18:39:23 mjs-hp kernel: usb 1-3: Product: CORSAIR K68 RGB Mechanical Gaming Keyboard
May 05 18:39:23 mjs-hp kernel: usb 1-3: Manufacturer: Corsair
May 05 18:39:23 mjs-hp kernel: usb 1-3: SerialNumber: 07017025AF5A9CE35D882A4AF5001BC7
May 05 18:39:23 mjs-hp kernel: usb 2-2: new SuperSpeed USB device number 2 using xhci_hcd
May 05 18:39:23 mjs-hp kernel: usb 2-2: New USB device found, idVendor=090c, idProduct=1000, bcdDevice=11.00
May 05 18:39:23 mjs-hp kernel: usb 2-2: New USB device strings: Mfr=1, Product=2, SerialNumber=3
May 05 18:39:23 mjs-hp kernel: usb 2-2: Product: Flash Drive
May 05 18:39:23 mjs-hp kernel: usb 2-2: Manufacturer: Samsung
May 05 18:39:23 mjs-hp kernel: usb 2-2: SerialNumber: 0362021060005048
May 05 18:39:23 mjs-hp kernel: psmouse serio1: synaptics: queried max coordinates: x [..5636], y [..4634]
May 05 18:39:23 mjs-hp kernel: psmouse serio1: synaptics: queried min coordinates: x [1360..], y [1298..]
May 05 18:39:23 mjs-hp kernel: psmouse serio1: synaptics: Your touchpad (PNP: SYN1eee SYN1e00 SYN0002 PNP0f13) says it can support a different bus. If i2c-hid and hid-rmi are not used, you might want to try setting psmouse.synaptics_intertouch to 1 and report this to linux-input@vger.kernel.org.
May 05 18:39:23 mjs-hp kernel: usb 1-4: new high-speed USB device number 3 using xhci_hcd
May 05 18:39:23 mjs-hp kernel: psmouse serio1: synaptics: Touchpad model: 1, fw: 8.1, id: 0x1e2b1, caps: 0xf00123/0x840300/0x12e800/0x0, board id: 3114, fw id: 1805562
May 05 18:39:23 mjs-hp kernel: input: SynPS/2 Synaptics TouchPad as /devices/platform/i8042/serio1/input/input5
May 05 18:39:23 mjs-hp kernel: usb 1-4: New USB device found, idVendor=04f2, idProduct=b50c, bcdDevice=28.74
May 05 18:39:23 mjs-hp kernel: usb 1-4: New USB device strings: Mfr=1, Product=2, SerialNumber=0
May 05 18:39:23 mjs-hp kernel: usb 1-4: Product: HP Truevision HD
May 05 18:39:23 mjs-hp kernel: usb 1-4: Manufacturer: SunplusIT Inc
May 05 18:39:23 mjs-hp kernel: usb 1-5: new full-speed USB device number 4 using xhci_hcd
May 05 18:39:23 mjs-hp kernel: usb 1-5: New USB device found, idVendor=0483, idProduct=91d1, bcdDevice= 1.10
May 05 18:39:23 mjs-hp kernel: usb 1-5: New USB device strings: Mfr=1, Product=2, SerialNumber=3
May 05 18:39:23 mjs-hp kernel: usb 1-5: Product: ST_SENSOR_HUB
May 05 18:39:23 mjs-hp kernel: usb 1-5: Manufacturer: STMicroelectronics
May 05 18:39:23 mjs-hp kernel: usb 1-5: SerialNumber: ST_SENSOR_HUB
May 05 18:39:23 mjs-hp kernel: usb 1-6: new full-speed USB device number 5 using xhci_hcd
May 05 18:39:23 mjs-hp kernel: usb 1-6: New USB device found, idVendor=8087, idProduct=0a2a, bcdDevice= 0.01
May 05 18:39:23 mjs-hp kernel: usb 1-6: New USB device strings: Mfr=0, Product=0, SerialNumber=0
May 05 18:39:23 mjs-hp kernel: usb-storage 2-2:1.0: USB Mass Storage device detected
May 05 18:39:23 mjs-hp kernel: usb-storage 2-2:1.0: Quirks match for vid 090c pid 1000: 400
May 05 18:39:23 mjs-hp kernel: scsi host2: usb-storage 2-2:1.0
May 05 18:39:23 mjs-hp kernel: usbcore: registered new interface driver usb-storage
May 05 18:39:23 mjs-hp kernel: usbcore: registered new interface driver uas
May 05 18:39:23 mjs-hp kernel: input: Corsair CORSAIR K68 RGB Mechanical Gaming Keyboard as /devices/pci0000:00/0000:00:14.0/usb1/1-3/1-3:1.0/0003:1B1C:1B4F.0002/input/input9
May 05 18:39:23 mjs-hp kernel: input: Corsair CORSAIR K68 RGB Mechanical Gaming Keyboard as /devices/pci0000:00/0000:00:14.0/usb1/1-3/1-3:1.0/0003:1B1C:1B4F.0002/input/input10
May 05 18:39:23 mjs-hp kernel: input: Corsair CORSAIR K68 RGB Mechanical Gaming Keyboard as /devices/pci0000:00/0000:00:14.0/usb1/1-3/1-3:1.0/0003:1B1C:1B4F.0002/input/input11
May 05 18:39:23 mjs-hp kernel: input: Corsair CORSAIR K68 RGB Mechanical Gaming Keyboard Mouse as /devices/pci0000:00/0000:00:14.0/usb1/1-3/1-3:1.0/0003:1B1C:1B4F.0002/input/input12
May 05 18:39:23 mjs-hp kernel: hid-generic 0003:1B1C:1B4F.0002: input,hiddev0,hidraw1: USB HID v1.11 Keyboard [Corsair CORSAIR K68 RGB Mechanical Gaming Keyboard] on usb-0000:00:14.0-3/input0
May 05 18:39:23 mjs-hp kernel: hid-generic 0003:1B1C:1B4F.0003: hiddev1,hidraw2: USB HID v1.11 Device [Corsair CORSAIR K68 RGB Mechanical Gaming Keyboard] on usb-0000:00:14.0-3/input1
May 05 18:39:23 mjs-hp kernel: hid-generic 0003:0483:91D1.0004: hiddev2,hidraw3: USB HID v1.10 Device [STMicroelectronics ST_SENSOR_HUB] on usb-0000:00:14.0-5/input0
May 05 18:39:23 mjs-hp kernel: usbcore: registered new interface driver usbhid
May 05 18:39:23 mjs-hp kernel: usbhid: USB HID core driver
May 05 18:39:23 mjs-hp kernel: EXT4-fs (sda2): mounted filesystem with ordered data mode. Opts: (null). Quota mode: none.
May 05 18:39:23 mjs-hp systemd[1]: Inserted module 'autofs4'
May 05 18:39:23 mjs-hp systemd[1]: systemd 249.11-0ubuntu3 running in system mode (+PAM +AUDIT +SELINUX +APPARMOR +IMA +SMACK +SECCOMP +GCRYPT +GNUTLS -OPENSSL +ACL +BLKID +CURL +ELFUTILS -FIDO2 +IDN2 -IDN +IPTC +KMOD +LIBCRYPTSETUP -LIBFDISK +PCRE2 -PWQUALITY -P11KIT -QRENCODE +BZIP2 +LZ4 +XZ +ZLIB +ZSTD -XKBCOMMON +UTMP +SYSVINIT default-hierarchy=unified)
May 05 18:39:23 mjs-hp systemd[1]: Detected architecture x86-64.
May 05 18:39:23 mjs-hp systemd[1]: Hostname set to <mjs-hp>.
May 05 18:39:23 mjs-hp kernel: Lockdown: systemd: /dev/mem,kmem,port is restricted; see man kernel_lockdown.7
May 05 18:39:23 mjs-hp systemd[1]: Queued start job for default target Graphical Interface.
May 05 18:39:23 mjs-hp systemd[1]: Created slice Slice /system/modprobe.
May 05 18:39:23 mjs-hp systemd[1]: Created slice Slice /system/systemd-fsck.
May 05 18:39:23 mjs-hp systemd[1]: Created slice User and Session Slice.
May 05 18:39:23 mjs-hp systemd[1]: Started Forward Password Requests to Wall Directory Watch.
May 05 18:39:23 mjs-hp systemd[1]: Set up automount Arbitrary Executable File Formats File System Automount Point.
May 05 18:39:23 mjs-hp systemd[1]: Reached target Remote File Systems.
May 05 18:39:23 mjs-hp systemd[1]: Reached target Slice Units.
May 05 18:39:23 mjs-hp systemd[1]: Reached target Local Verity Protected Volumes.
May 05 18:39:23 mjs-hp systemd[1]: Listening on Syslog Socket.
May 05 18:39:23 mjs-hp systemd[1]: Listening on fsck to fsckd communication Socket.
May 05 18:39:23 mjs-hp systemd[1]: Listening on initctl Compatibility Named Pipe.
May 05 18:39:23 mjs-hp systemd[1]: Listening on Journal Audit Socket.
May 05 18:39:23 mjs-hp systemd[1]: Listening on Journal Socket (/dev/log).
May 05 18:39:23 mjs-hp systemd[1]: Listening on Journal Socket.
May 05 18:39:23 mjs-hp systemd[1]: Listening on udev Control Socket.
May 05 18:39:23 mjs-hp systemd[1]: Listening on udev Kernel Socket.
May 05 18:39:23 mjs-hp systemd[1]: Mounting Huge Pages File System...
May 05 18:39:23 mjs-hp systemd[1]: Mounting POSIX Message Queue File System...
May 05 18:39:23 mjs-hp systemd[1]: Mounting Kernel Debug File System...
May 05 18:39:23 mjs-hp systemd[1]: Mounting Kernel Trace File System...
May 05 18:39:23 mjs-hp systemd[1]: Starting Journal Service...
May 05 18:39:23 mjs-hp systemd[1]: Starting Set the console keyboard layout...
May 05 18:39:23 mjs-hp systemd[1]: Starting Create List of Static Device Nodes...
May 05 18:39:23 mjs-hp systemd[1]: Starting Load Kernel Module configfs...
May 05 18:39:23 mjs-hp systemd[1]: Starting Load Kernel Module drm...
May 05 18:39:23 mjs-hp systemd[1]: Starting Load Kernel Module fuse...
May 05 18:39:23 mjs-hp systemd[1]: Condition check resulted in File System Check on Root Device being skipped.
May 05 18:39:23 mjs-hp systemd[1]: Starting Load Kernel Modules...
May 05 18:39:23 mjs-hp systemd[1]: Starting Remount Root and Kernel File Systems...
May 05 18:39:23 mjs-hp systemd[1]: Starting Coldplug All udev Devices...
May 05 18:39:23 mjs-hp systemd[1]: Mounted Huge Pages File System.
May 05 18:39:23 mjs-hp systemd[1]: Mounted POSIX Message Queue File System.
May 05 18:39:23 mjs-hp systemd[1]: Mounted Kernel Debug File System.
May 05 18:39:23 mjs-hp systemd[1]: Mounted Kernel Trace File System.
May 05 18:39:23 mjs-hp systemd[1]: Finished Create List of Static Device Nodes.
May 05 18:39:23 mjs-hp systemd[1]: modprobe@configfs.service: Deactivated successfully.
May 05 18:39:23 mjs-hp systemd[1]: Finished Load Kernel Module configfs.
May 05 18:39:23 mjs-hp systemd[1]: modprobe@fuse.service: Deactivated successfully.
May 05 18:39:23 mjs-hp systemd[1]: Finished Load Kernel Module fuse.
May 05 18:39:23 mjs-hp systemd[1]: Mounting FUSE Control File System...
May 05 18:39:23 mjs-hp systemd[1]: Mounting Kernel Configuration File System...
May 05 18:39:23 mjs-hp kernel: EXT4-fs (sda2): re-mounted. Opts: errors=remount-ro. Quota mode: none.
May 05 18:39:23 mjs-hp systemd[1]: Mounted FUSE Control File System.
May 05 18:39:23 mjs-hp systemd[1]: Mounted Kernel Configuration File System.
May 05 18:39:23 mjs-hp systemd[1]: Finished Remount Root and Kernel File Systems.
May 05 18:39:23 mjs-hp systemd[1]: Activating swap /swapfile...
May 05 18:39:23 mjs-hp systemd[1]: Condition check resulted in Platform Persistent Storage Archival being skipped.
May 05 18:39:23 mjs-hp systemd[1]: Starting Load/Save Random Seed...
May 05 18:39:23 mjs-hp kernel: lp: driver loaded but no devices found
May 05 18:39:23 mjs-hp kernel: Adding 2097148k swap on /swapfile.  Priority:-2 extents:6 across:2260988k SSFS
May 05 18:39:23 mjs-hp systemd[1]: Starting Create System Users...
May 05 18:39:23 mjs-hp systemd[1]: Activated swap /swapfile.
May 05 18:39:23 mjs-hp systemd[1]: modprobe@drm.service: Deactivated successfully.
May 05 18:39:23 mjs-hp systemd[1]: Finished Load Kernel Module drm.
May 05 18:39:23 mjs-hp systemd[1]: Reached target Swaps.
May 05 18:39:23 mjs-hp systemd[1]: Finished Load/Save Random Seed.
May 05 18:39:23 mjs-hp systemd[1]: Condition check resulted in First Boot Complete being skipped.
May 05 18:39:23 mjs-hp kernel: ppdev: user-space parallel port driver
May 05 18:39:23 mjs-hp systemd[1]: Finished Create System Users.
May 05 18:39:23 mjs-hp systemd[1]: Starting Create Static Device Nodes in /dev...
May 05 18:39:23 mjs-hp kernel: IPMI message handler: version 39.2
May 05 18:39:23 mjs-hp kernel: ipmi device interface
May 05 18:39:23 mjs-hp systemd[1]: Finished Load Kernel Modules.
May 05 18:39:23 mjs-hp systemd[1]: Finished Create Static Device Nodes in /dev.
May 05 18:39:23 mjs-hp systemd[1]: Starting Apply Kernel Variables...
May 05 18:39:23 mjs-hp systemd[1]: Starting Rule-based Manager for Device Events and Files...
May 05 18:39:23 mjs-hp systemd-journald[346]: Journal started
May 05 18:39:23 mjs-hp systemd-journald[346]: Runtime Journal (/run/log/journal/56bed02859304cbe961440d816673535) is 8.0M, max 77.4M, 69.4M free.
May 05 18:39:23 mjs-hp systemd[1]: Started Journal Service.
May 05 18:39:23 mjs-hp systemd-modules-load[357]: Inserted module 'lp'
May 05 18:39:23 mjs-hp systemd-modules-load[357]: Inserted module 'ppdev'
May 05 18:39:23 mjs-hp systemd-modules-load[357]: Inserted module 'parport_pc'
May 05 18:39:23 mjs-hp systemd-journald[346]: Time spent on flushing to /var/log/journal/56bed02859304cbe961440d816673535 is 99.758ms for 1013 entries.
May 05 18:39:23 mjs-hp systemd-journald[346]: System Journal (/var/log/journal/56bed02859304cbe961440d816673535) is 4.0G, max 4.0G, 0B free.
May 05 18:39:23 mjs-hp kernel: loop0: detected capacity change from 0 to 8
May 05 18:39:23 mjs-hp kernel: loop1: detected capacity change from 0 to 441064
May 05 18:39:23 mjs-hp kernel: loop2: detected capacity change from 0 to 441048
May 05 18:39:23 mjs-hp kernel: loop3: detected capacity change from 0 to 3800
May 05 18:39:23 mjs-hp kernel: loop4: detected capacity change from 0 to 226536
May 05 18:39:23 mjs-hp kernel: loop5: detected capacity change from 0 to 228544
May 05 18:39:23 mjs-hp kernel: loop6: detected capacity change from 0 to 3800
May 05 18:39:23 mjs-hp kernel: loop7: detected capacity change from 0 to 113680
May 05 18:39:23 mjs-hp kernel: loop8: detected capacity change from 0 to 126760
May 05 18:39:23 mjs-hp kernel: loop9: detected capacity change from 0 to 126776
May 05 18:39:23 mjs-hp kernel: loop10: detected capacity change from 0 to 169760
May 05 18:39:23 mjs-hp kernel: loop11: detected capacity change from 0 to 169776
May 05 18:39:23 mjs-hp kernel: loop12: detected capacity change from 0 to 318728
May 05 18:39:23 mjs-hp kernel: loop13: detected capacity change from 0 to 113696
May 05 18:39:23 mjs-hp kernel: loop14: detected capacity change from 0 to 328400
May 05 18:39:23 mjs-hp kernel: loop15: detected capacity change from 0 to 801328
May 05 18:39:23 mjs-hp kernel: loop16: detected capacity change from 0 to 567376
May 05 18:39:23 mjs-hp kernel: loop17: detected capacity change from 0 to 333552
May 05 18:39:23 mjs-hp kernel: loop18: detected capacity change from 0 to 337424
May 05 18:39:23 mjs-hp kernel: loop19: detected capacity change from 0 to 448512
May 05 18:39:23 mjs-hp kernel: loop20: detected capacity change from 0 to 448512
May 05 18:39:23 mjs-hp kernel: loop21: detected capacity change from 0 to 507712
May 05 18:39:23 mjs-hp kernel: loop22: detected capacity change from 0 to 509456
May 05 18:39:23 mjs-hp kernel: loop23: detected capacity change from 0 to 133552
May 05 18:39:23 mjs-hp kernel: loop24: detected capacity change from 0 to 166424
May 05 18:39:23 mjs-hp kernel: loop25: detected capacity change from 0 to 2037056
May 05 18:39:23 mjs-hp kernel: loop26: detected capacity change from 0 to 2139496
May 05 18:39:23 mjs-hp kernel: loop27: detected capacity change from 0 to 868696
May 05 18:39:23 mjs-hp kernel: loop28: detected capacity change from 0 to 868688
May 05 18:39:23 mjs-hp kernel: loop29: detected capacity change from 0 to 42224
May 05 18:39:23 mjs-hp kernel: loop30: detected capacity change from 0 to 42208
May 05 18:39:23 mjs-hp kernel: loop31: detected capacity change from 0 to 24064
May 05 18:39:23 mjs-hp kernel: loop32: detected capacity change from 0 to 11632
May 05 18:39:23 mjs-hp kernel: loop34: detected capacity change from 0 to 1372664
May 05 18:39:23 mjs-hp kernel: loop33: detected capacity change from 0 to 150160
May 05 18:39:23 mjs-hp kernel: loop35: detected capacity change from 0 to 1453384
May 05 18:39:23 mjs-hp kernel: loop36: detected capacity change from 0 to 111080
May 05 18:39:23 mjs-hp kernel: loop37: detected capacity change from 0 to 93928
May 05 18:39:23 mjs-hp kernel: loop38: detected capacity change from 0 to 89352
May 05 18:39:23 mjs-hp kernel: loop39: detected capacity change from 0 to 91496
May 05 18:39:23 mjs-hp kernel: loop40: detected capacity change from 0 to 347272
May 05 18:39:23 mjs-hp kernel: loop41: detected capacity change from 0 to 346968
May 05 18:39:23 mjs-hp kernel: loop42: detected capacity change from 0 to 512016
May 05 18:39:23 mjs-hp systemd-modules-load[357]: Inserted module 'msr'
May 05 18:39:23 mjs-hp systemd-modules-load[357]: Inserted module 'ipmi_devintf'
May 05 18:39:23 mjs-hp systemd[1]: Starting Flush Journal to Persistent Storage...
May 05 18:39:23 mjs-hp kernel: loop43: detected capacity change from 0 to 511816
May 05 18:39:23 mjs-hp systemd[1]: Finished Set the console keyboard layout.
May 05 18:39:23 mjs-hp systemd[1]: Reached target Preparation for Local File Systems.
May 05 18:39:23 mjs-hp systemd[1]: Mounting Mount unit for bare, revision 5...
May 05 18:39:23 mjs-hp systemd[1]: Mounting Mount unit for blender, revision 2090...
May 05 18:39:23 mjs-hp systemd[1]: Mounting Mount unit for blender, revision 2106...
May 05 18:39:23 mjs-hp systemd[1]: Mounting Mount unit for btop, revision 406...
May 05 18:39:23 mjs-hp systemd[1]: Mounting Mount unit for btop, revision 411...
May 05 18:39:23 mjs-hp systemd[1]: Mounting Mount unit for core, revision 12834...
May 05 18:39:23 mjs-hp systemd[1]: Mounting Mount unit for core, revision 12941...
May 05 18:39:23 mjs-hp systemd[1]: Mounting Mount unit for core18, revision 2284...
May 05 18:39:23 mjs-hp systemd[1]: Mounting Mount unit for core18, revision 2344...
May 05 18:39:23 mjs-hp systemd[1]: Mounting Mount unit for core20, revision 1405...
May 05 18:39:23 mjs-hp systemd[1]: Mounting Mount unit for core20, revision 1434...
May 05 18:39:23 mjs-hp systemd[1]: Mounting Mount unit for discord, revision 131...
May 05 18:39:23 mjs-hp systemd[1]: Mounting Mount unit for discord, revision 132...
May 05 18:39:23 mjs-hp systemd[1]: Mounting Mount unit for firefox, revision 1232...
May 05 18:39:23 mjs-hp systemd[1]: Mounting Mount unit for firefox, revision 1300...
May 05 18:39:23 mjs-hp systemd[1]: Mounting Mount unit for gimp, revision 380...
May 05 18:39:23 mjs-hp systemd[1]: Mounting Mount unit for gimp, revision 383...
May 05 18:39:23 mjs-hp systemd[1]: Mounting Mount unit for gnome-3-28-1804, revision 145...
May 05 18:39:23 mjs-hp systemd[1]: Mounting Mount unit for gnome-3-28-1804, revision 161...
May 05 18:39:23 mjs-hp systemd[1]: Mounting Mount unit for gnome-3-34-1804, revision 72...
May 05 18:39:23 mjs-hp systemd[1]: Mounting Mount unit for gnome-3-34-1804, revision 77...
May 05 18:39:23 mjs-hp systemd[1]: Mounting Mount unit for gnome-3-38-2004, revision 87...
May 05 18:39:23 mjs-hp systemd[1]: Mounting Mount unit for gnome-3-38-2004, revision 99...
May 05 18:39:23 mjs-hp systemd[1]: Mounting Mount unit for gtk-common-themes, revision 1519...
May 05 18:39:23 mjs-hp systemd[1]: Mounting Mount unit for gtk-common-themes, revision 1534...
May 05 18:39:23 mjs-hp systemd[1]: Mounting Mount unit for intellij-idea-ultimate, revision 348...
May 05 18:39:23 mjs-hp systemd[1]: Mounting Mount unit for intellij-idea-ultimate, revision 353...
May 05 18:39:23 mjs-hp systemd[1]: Mounting Mount unit for kde-frameworks-5-91-qt-5-15-3-core20, revision 1...
May 05 18:39:23 mjs-hp systemd[1]: Mounting Mount unit for kde-frameworks-5-qt-5-15-3-core20, revision 8...
May 05 18:39:23 mjs-hp systemd[1]: Mounting Mount unit for keepassxc, revision 1552...
May 05 18:39:23 mjs-hp systemd[1]: Mounting Mount unit for keepassxc, revision 1563...
May 05 18:39:23 mjs-hp systemd[1]: Mounting Mount unit for ngrok, revision 50...
May 05 18:39:23 mjs-hp systemd[1]: Mounting Mount unit for ngrok, revision 53...
May 05 18:39:23 mjs-hp systemd[1]: Mounting Mount unit for obsidian, revision x1...
May 05 18:39:23 mjs-hp systemd[1]: Mounting Mount unit for pycharm-professional, revision 278...
May 05 18:39:23 mjs-hp systemd[1]: Mounting Mount unit for pycharm-professional, revision 280...
May 05 18:39:23 mjs-hp systemd[1]: Mounting Mount unit for snap-store, revision 558...
May 05 18:39:23 mjs-hp systemd[1]: Mounting Mount unit for snap-store, revision 582...
May 05 18:39:23 mjs-hp systemd[1]: Mounting Mount unit for snapd, revision 15177...
May 05 18:39:23 mjs-hp systemd[1]: Mounting Mount unit for snapd, revision 15534...
May 05 18:39:23 mjs-hp systemd[1]: Mounting Mount unit for spotify, revision 58...
May 05 18:39:23 mjs-hp systemd[1]: Mounting Mount unit for spotify, revision 60...
May 05 18:39:23 mjs-hp systemd[1]: Mounting Mount unit for zoom-client, revision 168...
May 05 18:39:23 mjs-hp systemd[1]: Mounting Mount unit for zoom-client, revision 170...
May 05 18:39:23 mjs-hp systemd[1]: Started Rule-based Manager for Device Events and Files.
May 05 18:39:23 mjs-hp systemd[1]: Finished Coldplug All udev Devices.
May 05 18:39:23 mjs-hp systemd[1]: Finished Apply Kernel Variables.
May 05 18:39:23 mjs-hp systemd[1]: Mounted Mount unit for bare, revision 5.
May 05 18:39:23 mjs-hp systemd[1]: Finished Flush Journal to Persistent Storage.
May 05 18:39:23 mjs-hp systemd[1]: Mounted Mount unit for blender, revision 2090.
May 05 18:39:23 mjs-hp systemd[1]: Mounted Mount unit for blender, revision 2106.
May 05 18:39:23 mjs-hp systemd[1]: Mounted Mount unit for btop, revision 406.
May 05 18:39:23 mjs-hp systemd[1]: Mounted Mount unit for btop, revision 411.
May 05 18:39:23 mjs-hp systemd[1]: Mounted Mount unit for core, revision 12834.
May 05 18:39:23 mjs-hp systemd[1]: Mounted Mount unit for core, revision 12941.
May 05 18:39:23 mjs-hp systemd[1]: Mounted Mount unit for core18, revision 2284.
May 05 18:39:23 mjs-hp systemd[1]: Mounted Mount unit for core18, revision 2344.
May 05 18:39:23 mjs-hp systemd[1]: Mounted Mount unit for core20, revision 1405.
May 05 18:39:23 mjs-hp systemd[1]: Mounted Mount unit for core20, revision 1434.
May 05 18:39:23 mjs-hp systemd[1]: Mounted Mount unit for discord, revision 131.
May 05 18:39:23 mjs-hp systemd[1]: Mounted Mount unit for discord, revision 132.
May 05 18:39:23 mjs-hp systemd[1]: Mounted Mount unit for firefox, revision 1232.
May 05 18:39:23 mjs-hp systemd[1]: Mounted Mount unit for firefox, revision 1300.
May 05 18:39:23 mjs-hp systemd[1]: Mounted Mount unit for gimp, revision 380.
May 05 18:39:23 mjs-hp systemd[1]: Mounted Mount unit for gimp, revision 383.
May 05 18:39:23 mjs-hp systemd[1]: Mounted Mount unit for gnome-3-28-1804, revision 145.
May 05 18:39:23 mjs-hp systemd[1]: Mounted Mount unit for gnome-3-28-1804, revision 161.
May 05 18:39:23 mjs-hp systemd[1]: Mounted Mount unit for gnome-3-34-1804, revision 72.
May 05 18:39:23 mjs-hp systemd[1]: Mounted Mount unit for gnome-3-34-1804, revision 77.
May 05 18:39:23 mjs-hp systemd[1]: Mounted Mount unit for gnome-3-38-2004, revision 87.
May 05 18:39:23 mjs-hp systemd[1]: Mounted Mount unit for gnome-3-38-2004, revision 99.
May 05 18:39:23 mjs-hp systemd[1]: Mounted Mount unit for gtk-common-themes, revision 1519.
May 05 18:39:23 mjs-hp systemd[1]: Mounted Mount unit for gtk-common-themes, revision 1534.
May 05 18:39:23 mjs-hp systemd[1]: Mounted Mount unit for intellij-idea-ultimate, revision 348.
May 05 18:39:23 mjs-hp systemd[1]: Mounted Mount unit for intellij-idea-ultimate, revision 353.
May 05 18:39:23 mjs-hp systemd[1]: Mounted Mount unit for kde-frameworks-5-91-qt-5-15-3-core20, revision 1.
May 05 18:39:23 mjs-hp systemd[1]: Mounted Mount unit for kde-frameworks-5-qt-5-15-3-core20, revision 8.
May 05 18:39:23 mjs-hp systemd[1]: Mounted Mount unit for keepassxc, revision 1552.
May 05 18:39:23 mjs-hp systemd[1]: Mounted Mount unit for keepassxc, revision 1563.
May 05 18:39:23 mjs-hp systemd[1]: Mounted Mount unit for ngrok, revision 50.
May 05 18:39:23 mjs-hp systemd[1]: Mounted Mount unit for ngrok, revision 53.
May 05 18:39:23 mjs-hp systemd[1]: Mounted Mount unit for obsidian, revision x1.
May 05 18:39:23 mjs-hp systemd[1]: Mounted Mount unit for pycharm-professional, revision 278.
May 05 18:39:23 mjs-hp systemd[1]: Mounted Mount unit for pycharm-professional, revision 280.
May 05 18:39:23 mjs-hp systemd[1]: Mounted Mount unit for snap-store, revision 558.
May 05 18:39:23 mjs-hp systemd[1]: Mounted Mount unit for snap-store, revision 582.
May 05 18:39:23 mjs-hp systemd[1]: Mounted Mount unit for snapd, revision 15177.
May 05 18:39:23 mjs-hp systemd[1]: Mounted Mount unit for snapd, revision 15534.
May 05 18:39:23 mjs-hp systemd[1]: Mounted Mount unit for spotify, revision 58.
May 05 18:39:23 mjs-hp systemd[1]: Mounted Mount unit for spotify, revision 60.
May 05 18:39:23 mjs-hp systemd[1]: Mounted Mount unit for zoom-client, revision 168.
May 05 18:39:23 mjs-hp systemd[1]: Mounted Mount unit for zoom-client, revision 170.
May 05 18:39:23 mjs-hp systemd[1]: Starting Show Plymouth Boot Screen...
May 05 18:39:23 mjs-hp systemd[1]: Received SIGRTMIN+20 from PID 449 (plymouthd).
